Archive member included to satisfy reference by file (symbol)

c:/nxp/mcuxpressoide_11.8.0_1165/ide/plugins/com.nxp.mcuxpresso.tools.win32_11.8.0.202306131047/tools/bin/../lib/gcc/arm-none-eabi/12.2.1/../../../../arm-none-eabi/lib/thumb/v6-m/nofp\libcr_nohost_nf.a(_cr__main.o)
                              ./startup/startup_mkl25z4.o (__main)
c:/nxp/mcuxpressoide_11.8.0_1165/ide/plugins/com.nxp.mcuxpresso.tools.win32_11.8.0.202306131047/tools/bin/../lib/gcc/arm-none-eabi/12.2.1/../../../../arm-none-eabi/lib/thumb/v6-m/nofp\libcr_c.a(memcpy.o)
                              ./source/oled_driver.o (memcpy)
c:/nxp/mcuxpressoide_11.8.0_1165/ide/plugins/com.nxp.mcuxpresso.tools.win32_11.8.0.202306131047/tools/bin/../lib/gcc/arm-none-eabi/12.2.1/../../../../arm-none-eabi/lib/thumb/v6-m/nofp\libcr_c.a(memset.o)
                              ./source/oled_driver.o (memset)
c:/nxp/mcuxpressoide_11.8.0_1165/ide/plugins/com.nxp.mcuxpresso.tools.win32_11.8.0.202306131047/tools/bin/../lib/gcc/arm-none-eabi/12.2.1/../../../../arm-none-eabi/lib/thumb/v6-m/nofp\libcr_c.a(initio.o)
                              c:/nxp/mcuxpressoide_11.8.0_1165/ide/plugins/com.nxp.mcuxpresso.tools.win32_11.8.0.202306131047/tools/bin/../lib/gcc/arm-none-eabi/12.2.1/../../../../arm-none-eabi/lib/thumb/v6-m/nofp\libcr_nohost_nf.a(_cr__main.o) (_initio)
c:/nxp/mcuxpressoide_11.8.0_1165/ide/plugins/com.nxp.mcuxpresso.tools.win32_11.8.0.202306131047/tools/bin/../lib/gcc/arm-none-eabi/12.2.1/../../../../arm-none-eabi/lib/thumb/v6-m/nofp\libcr_c.a(printf.o)
                              ./source/project_tasks.o (_sprintf)
c:/nxp/mcuxpressoide_11.8.0_1165/ide/plugins/com.nxp.mcuxpresso.tools.win32_11.8.0.202306131047/tools/bin/../lib/gcc/arm-none-eabi/12.2.1/../../../../arm-none-eabi/lib/thumb/v6-m/nofp\libcr_c.a(setvbuf.o)
                              c:/nxp/mcuxpressoide_11.8.0_1165/ide/plugins/com.nxp.mcuxpresso.tools.win32_11.8.0.202306131047/tools/bin/../lib/gcc/arm-none-eabi/12.2.1/../../../../arm-none-eabi/lib/thumb/v6-m/nofp\libcr_c.a(initio.o) (setvbuf)
c:/nxp/mcuxpressoide_11.8.0_1165/ide/plugins/com.nxp.mcuxpresso.tools.win32_11.8.0.202306131047/tools/bin/../lib/gcc/arm-none-eabi/12.2.1/../../../../arm-none-eabi/lib/thumb/v6-m/nofp\libcr_c.a(strcpy.o)
                              ./source/project_tasks.o (strcpy)
c:/nxp/mcuxpressoide_11.8.0_1165/ide/plugins/com.nxp.mcuxpresso.tools.win32_11.8.0.202306131047/tools/bin/../lib/gcc/arm-none-eabi/12.2.1/../../../../arm-none-eabi/lib/thumb/v6-m/nofp\libcr_c.a(strlen.o)
                              ./utilities/fsl_debug_console.o (strlen)
c:/nxp/mcuxpressoide_11.8.0_1165/ide/plugins/com.nxp.mcuxpresso.tools.win32_11.8.0.202306131047/tools/bin/../lib/gcc/arm-none-eabi/12.2.1/../../../../arm-none-eabi/lib/thumb/v6-m/nofp\libcr_c.a(_deferredlazyseek.o)
                              c:/nxp/mcuxpressoide_11.8.0_1165/ide/plugins/com.nxp.mcuxpresso.tools.win32_11.8.0.202306131047/tools/bin/../lib/gcc/arm-none-eabi/12.2.1/../../../../arm-none-eabi/lib/thumb/v6-m/nofp\libcr_c.a(printf.o) (__flsbuf)
c:/nxp/mcuxpressoide_11.8.0_1165/ide/plugins/com.nxp.mcuxpresso.tools.win32_11.8.0.202306131047/tools/bin/../lib/gcc/arm-none-eabi/12.2.1/../../../../arm-none-eabi/lib/thumb/v6-m/nofp\libcr_c.a(_fdopen.o)
                              c:/nxp/mcuxpressoide_11.8.0_1165/ide/plugins/com.nxp.mcuxpresso.tools.win32_11.8.0.202306131047/tools/bin/../lib/gcc/arm-none-eabi/12.2.1/../../../../arm-none-eabi/lib/thumb/v6-m/nofp\libcr_c.a(initio.o) (_fdopen)
c:/nxp/mcuxpressoide_11.8.0_1165/ide/plugins/com.nxp.mcuxpresso.tools.win32_11.8.0.202306131047/tools/bin/../lib/gcc/arm-none-eabi/12.2.1/../../../../arm-none-eabi/lib/thumb/v6-m/nofp\libcr_c.a(_fflush.o)
                              c:/nxp/mcuxpressoide_11.8.0_1165/ide/plugins/com.nxp.mcuxpresso.tools.win32_11.8.0.202306131047/tools/bin/../lib/gcc/arm-none-eabi/12.2.1/../../../../arm-none-eabi/lib/thumb/v6-m/nofp\libcr_c.a(_deferredlazyseek.o) (_fflush)
c:/nxp/mcuxpressoide_11.8.0_1165/ide/plugins/com.nxp.mcuxpresso.tools.win32_11.8.0.202306131047/tools/bin/../lib/gcc/arm-none-eabi/12.2.1/../../../../arm-none-eabi/lib/thumb/v6-m/nofp\libcr_c.a(_writebuf.o)
                              c:/nxp/mcuxpressoide_11.8.0_1165/ide/plugins/com.nxp.mcuxpresso.tools.win32_11.8.0.202306131047/tools/bin/../lib/gcc/arm-none-eabi/12.2.1/../../../../arm-none-eabi/lib/thumb/v6-m/nofp\libcr_c.a(_deferredlazyseek.o) (_Cwritebuf)
c:/nxp/mcuxpressoide_11.8.0_1165/ide/plugins/com.nxp.mcuxpresso.tools.win32_11.8.0.202306131047/tools/bin/../lib/gcc/arm-none-eabi/12.2.1/../../../../arm-none-eabi/lib/thumb/v6-m/nofp\libcr_c.a(alloc.o)
                              c:/nxp/mcuxpressoide_11.8.0_1165/ide/plugins/com.nxp.mcuxpresso.tools.win32_11.8.0.202306131047/tools/bin/../lib/gcc/arm-none-eabi/12.2.1/../../../../arm-none-eabi/lib/thumb/v6-m/nofp\libcr_c.a(printf.o) (malloc)
[...]
Memory Configuration

Name             Origin             Length             Attributes
PROGRAM_FLASH    0x00000000         0x00020000         xr
SRAM             0x1ffff000         0x00004000         xrw
*default*        0x00000000         0xffffffff

Linker script and memory map

LOAD ./utilities/fsl_debug_console.o
LOAD ./startup/startup_mkl25z4.o
LOAD ./source/DS3231.o
LOAD ./source/PES_Final_Project.o
LOAD ./source/i2c.o
LOAD ./source/mtb.o
LOAD ./source/oled_driver.o
LOAD ./source/project_tasks.o
LOAD ./source/semihost_hardfault.o
LOAD ./freertos/croutine.o
LOAD ./freertos/event_groups.o
LOAD ./freertos/fsl_tickless_lptmr.o
LOAD ./freertos/fsl_tickless_systick.o
LOAD ./freertos/heap_4.o
LOAD ./freertos/list.o
LOAD ./freertos/port.o
LOAD ./freertos/queue.o
LOAD ./freertos/tasks.o
LOAD ./freertos/timers.o
LOAD ./drivers/fsl_clock.o
LOAD ./drivers/fsl_common.o
LOAD ./drivers/fsl_flash.o
LOAD ./drivers/fsl_gpio.o
LOAD ./drivers/fsl_lpsci.o
LOAD ./drivers/fsl_lpsci_freertos.o
LOAD ./drivers/fsl_smc.o
LOAD ./drivers/fsl_uart.o
LOAD ./drivers/fsl_uart_freertos.o
LOAD ./board/board.o
LOAD ./board/clock_config.o
LOAD ./board/peripherals.o
LOAD ./board/pin_mux.o
LOAD ./CMSIS/system_MKL25Z4.o
START GROUP
LOAD c:/nxp/mcuxpressoide_11.8.0_1165/ide/plugins/com.nxp.mcuxpresso.tools.win32_11.8.0.202306131047/tools/bin/../lib/gcc/arm-none-eabi/12.2.1/../../../../arm-none-eabi/lib/thumb/v6-m/nofp\libcr_nohost_nf.a
LOAD c:/nxp/mcuxpressoide_11.8.0_1165/ide/plugins/com.nxp.mcuxpresso.tools.win32_11.8.0.202306131047/tools/bin/../lib/gcc/arm-none-eabi/12.2.1/../../../../arm-none-eabi/lib/thumb/v6-m/nofp\libcr_c.a
LOAD c:/nxp/mcuxpressoide_11.8.0_1165/ide/plugins/com.nxp.mcuxpresso.tools.win32_11.8.0.202306131047/tools/bin/../lib/gcc/arm-none-eabi/12.2.1/thumb/v6-m/nofp\libcr_eabihelpers.a
LOAD c:/nxp/mcuxpressoide_11.8.0_1165/ide/plugins/com.nxp.mcuxpresso.tools.win32_11.8.0.202306131047/tools/bin/../lib/gcc/arm-none-eabi/12.2.1/thumb/v6-m/nofp\libgcc.a
END GROUP
                0x00000000                __base_PROGRAM_FLASH = 0x0
                0x00000000                __base_Flash = 0x0
                0x00020000                __top_PROGRAM_FLASH = 0x20000
                0x00020000                __top_Flash = 0x20000
                0x1ffff000                __base_SRAM = 0x1ffff000
                0x1ffff000                __base_RAM = 0x1ffff000
                0x20003000                __top_SRAM = 0x20003000
                0x20003000                __top_RAM = 0x20003000

.text           0x00000000     0x6b60
 FILL mask 0xff
                0x00000000                __vectors_start__ = ABSOLUTE (.)
 *(SORT_BY_ALIGNMENT(.isr_vector))
 .isr_vector    0x00000000       0xc0 ./startup/startup_mkl25z4.o
                0x00000000                g_pfnVectors
                0x00000000                __Vectors
                0x000000c0                . = ALIGN (0x4)
                0x000000c0                __section_table_start = .
                0x000000c0                __data_section_table = .
                0x000000c0        0x4 LONG 0x6b60 LOADADDR (.data)
                0x000000c4        0x4 LONG 0x1ffff080 ADDR (.data)
                0x000000c8        0x4 LONG 0x1ec SIZEOF (.data)
                0x000000cc                __data_section_table_end = .
                0x000000cc                __bss_section_table = .
                0x000000cc        0x4 LONG 0x1ffff26c ADDR (.bss)
                0x000000d0        0x4 LONG 0x2aa0 SIZEOF (.bss)
                0x000000d4                __bss_section_table_end = .
                0x000000d4                __section_table_end = .
 *(SORT_BY_ALIGNMENT(.after_vectors*))
 .after_vectors.reset
                0x000000d4       0x4c ./startup/startup_mkl25z4.o
                0x000000d4                ResetISR
 .after_vectors.init_data
                0x00000120       0x12 ./startup/startup_mkl25z4.o
                0x00000120                data_init
 .after_vectors.init_bss
                0x00000132       0x10 ./startup/startup_mkl25z4.o
                0x00000132                bss_init
 .after_vectors
                0x00000142      0x10c ./startup/startup_mkl25z4.o
                0x00000142                NMI_Handler
                0x0000014c                I2C0_DriverIRQHandler
                0x0000014c                DMA0_DriverIRQHandler
                0x0000014c                SPI1_DriverIRQHandler
                0x0000014c                LPTMR0_DriverIRQHandler
                0x0000014c                Reserved39_DriverIRQHandler
                0x0000014c                PIT_DriverIRQHandler
                0x0000014c                PORTD_DriverIRQHandler
                0x0000014c                DMA2_DriverIRQHandler
                0x0000014c                CMP0_DriverIRQHandler
                0x0000014c                TPM2_DriverIRQHandler
                0x0000014c                ADC0_DriverIRQHandler
                0x0000014c                SPI0_DriverIRQHandler
                0x0000014c                TSI0_DriverIRQHandler
                0x0000014c                RTC_Seconds_DriverIRQHandler
                0x0000014c                I2C1_DriverIRQHandler
                0x0000014c                DMA1_DriverIRQHandler
                0x0000014c                LLWU_DriverIRQHandler
                0x0000014c                MCG_DriverIRQHandler
                0x0000014c                RTC_DriverIRQHandler
                0x0000014c                TPM1_DriverIRQHandler
                0x0000014c                PORTA_DriverIRQHandler
                0x0000014c                FTFA_DriverIRQHandler
                0x0000014c                IntDefaultHandler
                0x0000014c                USB0_DriverIRQHandler
                0x0000014c                DAC0_DriverIRQHandler
                0x0000014c                Reserved45_DriverIRQHandler
                0x0000014c                LVD_LVW_DriverIRQHandler
                0x0000014c                TPM0_DriverIRQHandler
                0x0000014c                DMA3_DriverIRQHandler
                0x0000014c                Reserved20_DriverIRQHandler
                0x0000014e                DMA0_IRQHandler
                0x00000156                DMA1_IRQHandler
                0x0000015e                DMA2_IRQHandler
                0x00000166                DMA3_IRQHandler
                0x0000016e                Reserved20_IRQHandler
                0x00000176                FTFA_IRQHandler
                0x0000017e                LVD_LVW_IRQHandler
                0x00000186                LLWU_IRQHandler
                0x0000018e                I2C0_IRQHandler
                0x00000196                I2C1_IRQHandler
                0x0000019e                SPI0_IRQHandler
                0x000001a6                SPI1_IRQHandler
                0x000001ae                UART0_IRQHandler
                0x000001b6                UART1_IRQHandler
                0x000001be                UART2_IRQHandler
                0x000001c6                ADC0_IRQHandler
                0x000001ce                CMP0_IRQHandler
                0x000001d6                TPM0_IRQHandler
                0x000001de                TPM1_IRQHandler
                0x000001e6                TPM2_IRQHandler
                0x000001ee                RTC_IRQHandler
                0x000001f6                RTC_Seconds_IRQHandler
                0x000001fe                PIT_IRQHandler
                0x00000206                Reserved39_IRQHandler
                0x0000020e                USB0_IRQHandler
                0x00000216                DAC0_IRQHandler
                0x0000021e                TSI0_IRQHandler
                0x00000226                MCG_IRQHandler
                0x0000022e                LPTMR0_IRQHandler
                0x00000236                Reserved45_IRQHandler
                0x0000023e                PORTA_IRQHandler
                0x00000246                PORTD_IRQHandler
                0x00000400                . = 0x400
 *fill*         0x0000024e      0x1b2 ff
                0x00000400                PROVIDE (__FLASH_CONFIG_START__ = .)
 *(SORT_BY_ALIGNMENT(.FlashConfig))
 .FlashConfig   0x00000400       0x10 ./startup/startup_mkl25z4.o
                0x00000400                Flash_Config
                0x00000410                PROVIDE (__FLASH_CONFIG_END__ = .)
                0x00000001                ASSERT (! ((__FLASH_CONFIG_START__ == __FLASH_CONFIG_END__)), Linker Flash Config Support Enabled, but no .FlashConfig section provided within application)
 *(SORT_BY_ALIGNMENT(.text*))
 .text.vPortStartFirstTask
                0x00000410       0x38 ./freertos/port.o
 *fill*         0x00000448        0x8 ff
 .text.PendSV_Handler
                0x00000450       0x48 ./freertos/port.o
                0x00000450                PendSV_Handler
 .text.DbgConsole_Init
                0x00000498       0xf4 ./utilities/fsl_debug_console.o
                0x00000498                DbgConsole_Init
 .text.DbgConsole_Printf
                0x0000058c       0x44 ./utilities/fsl_debug_console.o
                0x0000058c                DbgConsole_Printf
 .text.DbgConsole_Putchar
                0x000005d0       0x34 ./utilities/fsl_debug_console.o
                0x000005d0                DbgConsole_Putchar
 .text.ds3231_get_day_of_week
                0x00000604       0x68 ./source/DS3231.o
                0x00000604                ds3231_get_day_of_week
 .text.main     0x0000066c       0x38 ./source/PES_Final_Project.o
                0x0000066c                main
 .text.i2c0_init
                0x000006a4       0x44 ./source/i2c.o
                0x000006a4                i2c0_init
 .text.i2c0_pins_init
                0x000006e8       0x38 ./source/i2c.o
                0x000006e8                i2c0_pins_init
 .text.i2c_start
                0x00000720       0xa8 ./source/i2c.o
 .text.i2c_stop
                0x000007c8       0x30 ./source/i2c.o
 .text.i2c_data_transmit
                0x000007f8       0x74 ./source/i2c.o
                0x000007f8                i2c_data_transmit
 .text.i2c_read_bytes
                0x0000086c       0xe4 ./source/i2c.o
                0x0000086c                i2c_read_bytes
 .text.read_single_byte
                0x00000950       0xb0 ./source/i2c.o
 .text.oled_printstring
                0x00000a00       0xd0 ./source/oled_driver.o
                0x00000a00                oled_printstring
 .text.project_task_run
                0x00000ad0       0xe8 ./source/project_tasks.o
                0x00000ad0                project_task_run
 .text.monitor_failure_handler
                0x00000bb8       0x4c ./source/project_tasks.o
 .text.rtc_set_handler
                0x00000c04       0x58 ./source/project_tasks.o
 .text.rtc_read_handler_and_display
                0x00000c5c       0x58 ./source/project_tasks.o
 .text.print_time_and_date
                0x00000cb4       0xd0 ./source/project_tasks.o
 .text.HardFault_Handler
                0x00000d84       0x38 ./source/semihost_hardfault.o
                0x00000d84                HardFault_Handler
 .text.prvSetupTimerInterrupt
                0x00000dbc       0x40 ./freertos/fsl_tickless_lptmr.o
                0x00000dbc                prvSetupTimerInterrupt
 .text.pvPortMalloc
                0x00000dfc      0x150 ./freertos/heap_4.o
                0x00000dfc                pvPortMalloc
 .text.vPortFree
                0x00000f4c       0x94 ./freertos/heap_4.o
                0x00000f4c                vPortFree
 .text.prvHeapInit
                0x00000fe0       0xc0 ./freertos/heap_4.o
 .text.prvInsertBlockIntoFreeList
                0x000010a0       0xb0 ./freertos/heap_4.o
 .text.pxPortInitialiseStack
                0x00001150       0x54 ./freertos/port.o
                0x00001150                pxPortInitialiseStack
 .text.prvTaskExitError
                0x000011a4       0x1c ./freertos/port.o
 .text.xPortStartScheduler
                0x000011c0       0x44 ./freertos/port.o
                0x000011c0                xPortStartScheduler
 .text.vPortYield
                0x00001204       0x20 ./freertos/port.o
                0x00001204                vPortYield
 .text.vPortEnterCritical
                0x00001224       0x24 ./freertos/port.o
                0x00001224                vPortEnterCritical
 .text.vPortExitCritical
                0x00001248       0x30 ./freertos/port.o
                0x00001248                vPortExitCritical
 .text.SysTick_Handler
                0x00001278       0x34 ./freertos/port.o
                0x00001278                SysTick_Handler
 .text.vQueueAddToRegistry
                0x000012ac       0x50 ./freertos/queue.o
                0x000012ac                vQueueAddToRegistry
 .text.prvInitialiseNewTask
                0x000012fc      0x128 ./freertos/tasks.o
 .text.prvAddNewTaskToReadyList
                0x00001424       0xd0 ./freertos/tasks.o
 .text.vTaskDelay
                0x000014f4       0x4c ./freertos/tasks.o
                0x000014f4                vTaskDelay
 .text.vTaskSuspend
                0x00001540       0xb8 ./freertos/tasks.o
                0x00001540                vTaskSuspend
 .text.vTaskStartScheduler
                0x000015f8       0x7c ./freertos/tasks.o
                0x000015f8                vTaskStartScheduler
 .text.vTaskSuspendAll
                0x00001674       0x18 ./freertos/tasks.o
                0x00001674                vTaskSuspendAll
 .text.xTaskResumeAll
                0x0000168c      0x118 ./freertos/tasks.o
                0x0000168c                xTaskResumeAll
 .text.xTaskGetTickCount
                0x000017a4       0x1c ./freertos/tasks.o
                0x000017a4                xTaskGetTickCount
 .text.xTaskIncrementTick
                0x000017c0      0x150 ./freertos/tasks.o
                0x000017c0                xTaskIncrementTick
 .text.vTaskSwitchContext
                0x00001910       0xa4 ./freertos/tasks.o
                0x00001910                vTaskSwitchContext
 .text.vTaskPlaceOnEventList
                0x000019b4       0x40 ./freertos/tasks.o
                0x000019b4                vTaskPlaceOnEventList
 .text.vTaskPlaceOnEventListRestricted
                0x000019f4       0x50 ./freertos/tasks.o
                0x000019f4                vTaskPlaceOnEventListRestricted
 .text.xTaskRemoveFromEventList
                0x00001a44       0xbc ./freertos/tasks.o
                0x00001a44                xTaskRemoveFromEventList
 .text.vTaskSetTimeOutState
                0x00001b00       0x34 ./freertos/tasks.o
                0x00001b00                vTaskSetTimeOutState
 .text.xTaskCheckForTimeOut
                0x00001b34       0xa0 ./freertos/tasks.o
                0x00001b34                xTaskCheckForTimeOut
 .text.vTaskMissedYield
                0x00001bd4       0x14 ./freertos/tasks.o
                0x00001bd4                vTaskMissedYield
 .text.prvIdleTask
                0x00001be8       0x20 ./freertos/tasks.o
 .text.prvInitialiseTaskLists
                0x00001c08       0x88 ./freertos/tasks.o
 .text.prvCheckTasksWaitingTermination
                0x00001c90       0x78 ./freertos/tasks.o
 .text.prvResetNextTaskUnblockTime
                0x00001d08       0x48 ./freertos/tasks.o
 .text.xTaskGetSchedulerState
                0x00001d50       0x38 ./freertos/tasks.o
                0x00001d50                xTaskGetSchedulerState
 .text.vTaskPriorityInherit
                0x00001d88       0xbc ./freertos/tasks.o
                0x00001d88                vTaskPriorityInherit
 .text.xTaskPriorityDisinherit
                0x00001e44       0xbc ./freertos/tasks.o
                0x00001e44                xTaskPriorityDisinherit
 .text.pvTaskIncrementMutexHeldCount
                0x00001f00       0x24 ./freertos/tasks.o
                0x00001f00                pvTaskIncrementMutexHeldCount
 .text.xTaskGenericNotify
                0x00001f24      0x11c ./freertos/tasks.o
                0x00001f24                xTaskGenericNotify
 .text.xTaskGenericNotifyFromISR
                0x00002040      0x158 ./freertos/tasks.o
                0x00002040                xTaskGenericNotifyFromISR
 .text.prvAddCurrentTaskToDelayedList
                0x00002198       0xa8 ./freertos/tasks.o
 .text.xTimerCreateTimerTask
                0x00002240       0x54 ./freertos/timers.o
                0x00002240                xTimerCreateTimerTask
 .text.xTimerGenericCommand
                0x00002294       0x98 ./freertos/timers.o
                0x00002294                xTimerGenericCommand
 .text.prvProcessExpiredTimer
                0x0000232c       0x74 ./freertos/timers.o
 .text.prvProcessTimerOrBlockTask
                0x000023a0       0x8c ./freertos/timers.o
 .text.prvGetNextExpireTime
                0x0000242c       0x40 ./freertos/timers.o
 .text.prvSampleTimeNow
                0x0000246c       0x40 ./freertos/timers.o
 .text.prvInsertTimerInActiveList
                0x000024ac       0x84 ./freertos/timers.o
 .text.prvProcessReceivedCommands
                0x00002530      0x134 ./freertos/timers.o
 .text.prvSwitchTimerLists
                0x00002664       0xb8 ./freertos/timers.o
 .text.prvCheckForValidListAndQueue
                0x0000271c       0x74 ./freertos/timers.o
 .text.CLOCK_SetEr32kClock
                0x00002790       0x34 ./drivers/fsl_clock.o
 .text.CLOCK_SetPllFllSelClock
                0x000027c4       0x38 ./drivers/fsl_clock.o
 .text.CLOCK_GetMcgExtClkFreq
                0x000027fc       0x28 ./drivers/fsl_clock.o
 .text.CLOCK_GetFllExtRefClkFreq
                0x00002824       0xa8 ./drivers/fsl_clock.o
 .text.CLOCK_GetFllRefClkFreq
                0x000028cc       0x2c ./drivers/fsl_clock.o
 .text.CLOCK_GetOscRangeFromFreq
                0x000028f8       0x4c ./drivers/fsl_clock.o
 .text.CLOCK_GetPllFllSelClkFreq
                0x00002944       0x4c ./drivers/fsl_clock.o
                0x00002944                CLOCK_GetPllFllSelClkFreq
 .text.CLOCK_SetSimConfig
                0x00002990       0x38 ./drivers/fsl_clock.o
                0x00002990                CLOCK_SetSimConfig
 .text.CLOCK_GetFllFreq
                0x000029c8       0x84 ./drivers/fsl_clock.o
                0x000029c8                CLOCK_GetFllFreq
 .text.CLOCK_GetPll0Freq
                0x00002a4c       0x70 ./drivers/fsl_clock.o
                0x00002a4c                CLOCK_GetPll0Freq
 .text.CLOCK_SetInternalRefClkConfig
                0x00002abc      0x124 ./drivers/fsl_clock.o
                0x00002abc                CLOCK_SetInternalRefClkConfig
 .text.CLOCK_EnablePll0
                0x00002be0       0x94 ./drivers/fsl_clock.o
                0x00002be0                CLOCK_EnablePll0
 .text.CLOCK_InitOsc0
                0x00002c74       0x94 ./drivers/fsl_clock.o
                0x00002c74                CLOCK_InitOsc0
 .text.CLOCK_SetPbeMode
                0x00002d08       0xb0 ./drivers/fsl_clock.o
                0x00002d08                CLOCK_SetPbeMode
 .text.CLOCK_BootToPeeMode
                0x00002db8       0x70 ./drivers/fsl_clock.o
                0x00002db8                CLOCK_BootToPeeMode
 .text.__assertion_failed
                0x00002e28       0x1c ./drivers/fsl_common.o
                0x00002e28                __assertion_failed
 .text.CLOCK_EnableClock
                0x00002e44       0x34 ./drivers/fsl_lpsci.o
 .text.LPSCI_GetInstance
                0x00002e78       0x48 ./drivers/fsl_lpsci.o
                0x00002e78                LPSCI_GetInstance
 .text.LPSCI_Init
                0x00002ec0      0x258 ./drivers/fsl_lpsci.o
                0x00002ec0                LPSCI_Init
 .text.LPSCI_GetDefaultConfig
                0x00003118       0x44 ./drivers/fsl_lpsci.o
                0x00003118                LPSCI_GetDefaultConfig
 .text.LPSCI_ClearStatusFlags
                0x0000315c       0x94 ./drivers/fsl_lpsci.o
                0x0000315c                LPSCI_ClearStatusFlags
 .text.LPSCI_WriteBlocking
                0x000031f0       0x4c ./drivers/fsl_lpsci.o
                0x000031f0                LPSCI_WriteBlocking
 .text.LPSCI_ReadBlocking
                0x0000323c       0xc0 ./drivers/fsl_lpsci.o
                0x0000323c                LPSCI_ReadBlocking
 .text.UART0_DriverIRQHandler
                0x000032fc       0x24 ./drivers/fsl_lpsci.o
                0x000032fc                UART0_DriverIRQHandler
 .text.CLOCK_EnableClock
                0x00003320       0x34 ./drivers/fsl_uart.o
 .text.UART_GetInstance
                0x00003354       0x54 ./drivers/fsl_uart.o
                0x00003354                UART_GetInstance
 .text.UART_Init
                0x000033a8      0x1e0 ./drivers/fsl_uart.o
                0x000033a8                UART_Init
 .text.UART_GetDefaultConfig
                0x00003588       0x44 ./drivers/fsl_uart.o
                0x00003588                UART_GetDefaultConfig
 .text.UART_ReadBlocking
                0x000035cc       0x98 ./drivers/fsl_uart.o
                0x000035cc                UART_ReadBlocking
 .text.UART1_DriverIRQHandler
                0x00003664       0x24 ./drivers/fsl_uart.o
                0x00003664                UART1_DriverIRQHandler
 .text.UART2_DriverIRQHandler
                0x00003688       0x24 ./drivers/fsl_uart.o
                0x00003688                UART2_DriverIRQHandler
 .text.CLOCK_SetLpsci0Clock
                0x000036ac       0x38 ./board/board.o
 .text.BOARD_InitDebugConsole
                0x000036e4       0x30 ./board/board.o
                0x000036e4                BOARD_InitDebugConsole
 .text.CLOCK_SetSimSafeDivs
                0x00003714       0x20 ./board/clock_config.o
 .text.CLOCK_SetXtal0Freq
                0x00003734       0x1c ./board/clock_config.o
 .text.CLOCK_CONFIG_SetFllExtRefDiv
                0x00003750       0x3c ./board/clock_config.o
 .text.BOARD_BootClockRUN
                0x0000378c       0x64 ./board/clock_config.o
                0x0000378c                BOARD_BootClockRUN
 .text.CLOCK_EnableClock
                0x000037f0       0x34 ./board/pin_mux.o
 .text.PORT_SetPinMux
                0x00003824       0x40 ./board/pin_mux.o
 .text.BOARD_InitPins
                0x00003864       0x4c ./board/pin_mux.o
                0x00003864                BOARD_InitPins
 .text.SystemInit
                0x000038b0       0x18 ./CMSIS/system_MKL25Z4.o
                0x000038b0                SystemInit
 .text._initio  0x000038c8       0x7c c:/nxp/mcuxpressoide_11.8.0_1165/ide/plugins/com.nxp.mcuxpresso.tools.win32_11.8.0.202306131047/tools/bin/../lib/gcc/arm-none-eabi/12.2.1/../../../../arm-none-eabi/lib/thumb/v6-m/nofp\libcr_c.a(initio.o)
                0x000038c8                _initio
 .text.__vfprintf
                0x00003944      0xd88 c:/nxp/mcuxpressoide_11.8.0_1165/ide/plugins/com.nxp.mcuxpresso.tools.win32_11.8.0.202306131047/tools/bin/../lib/gcc/arm-none-eabi/12.2.1/../../../../arm-none-eabi/lib/thumb/v6-m/nofp\libcr_c.a(printf.o)
                0x00003944                __vfprintf
 .text._sprintf
                0x000046cc       0x68 c:/nxp/mcuxpressoide_11.8.0_1165/ide/plugins/com.nxp.mcuxpresso.tools.win32_11.8.0.202306131047/tools/bin/../lib/gcc/arm-none-eabi/12.2.1/../../../../arm-none-eabi/lib/thumb/v6-m/nofp\libcr_c.a(printf.o)
                0x000046cc                _sprintf
 .text.setvbuf  0x00004734       0x4c c:/nxp/mcuxpressoide_11.8.0_1165/ide/plugins/com.nxp.mcuxpresso.tools.win32_11.8.0.202306131047/tools/bin/../lib/gcc/arm-none-eabi/12.2.1/../../../../arm-none-eabi/lib/thumb/v6-m/nofp\libcr_c.a(setvbuf.o)
                0x00004734                setvbuf
 .text.strcpy   0x00004780       0x44 c:/nxp/mcuxpressoide_11.8.0_1165/ide/plugins/com.nxp.mcuxpresso.tools.win32_11.8.0.202306131047/tools/bin/../lib/gcc/arm-none-eabi/12.2.1/../../../../arm-none-eabi/lib/thumb/v6-m/nofp\libcr_c.a(strcpy.o)
                0x00004780                strcpy
 .text.strlen   0x000047c4       0x5c c:/nxp/mcuxpressoide_11.8.0_1165/ide/plugins/com.nxp.mcuxpresso.tools.win32_11.8.0.202306131047/tools/bin/../lib/gcc/arm-none-eabi/12.2.1/../../../../arm-none-eabi/lib/thumb/v6-m/nofp\libcr_c.a(strlen.o)
                0x000047c4                strlen
 .text._deferredlazyseek
                0x00004820       0x40 c:/nxp/mcuxpressoide_11.8.0_1165/ide/plugins/com.nxp.mcuxpresso.tools.win32_11.8.0.202306131047/tools/bin/../lib/gcc/arm-none-eabi/12.2.1/../../../../arm-none-eabi/lib/thumb/v6-m/nofp\libcr_c.a(_deferredlazyseek.o)
                0x00004820                _deferredlazyseek
 .text.__flsbuf
                0x00004860      0x150 c:/nxp/mcuxpressoide_11.8.0_1165/ide/plugins/com.nxp.mcuxpresso.tools.win32_11.8.0.202306131047/tools/bin/../lib/gcc/arm-none-eabi/12.2.1/../../../../arm-none-eabi/lib/thumb/v6-m/nofp\libcr_c.a(_deferredlazyseek.o)
                0x00004860                __flsbuf
 .text._fdopen  0x000049b0       0x74 c:/nxp/mcuxpressoide_11.8.0_1165/ide/plugins/com.nxp.mcuxpresso.tools.win32_11.8.0.202306131047/tools/bin/../lib/gcc/arm-none-eabi/12.2.1/../../../../arm-none-eabi/lib/thumb/v6-m/nofp\libcr_c.a(_fdopen.o)
                0x000049b0                _fdopen
 .text._fflush  0x00004a24       0x5c c:/nxp/mcuxpressoide_11.8.0_1165/ide/plugins/com.nxp.mcuxpresso.tools.win32_11.8.0.202306131047/tools/bin/../lib/gcc/arm-none-eabi/12.2.1/../../../../arm-none-eabi/lib/thumb/v6-m/nofp\libcr_c.a(_fflush.o)
                0x00004a24                _fflush
 .text._Cwritebuf
                0x00004a80       0x68 c:/nxp/mcuxpressoide_11.8.0_1165/ide/plugins/com.nxp.mcuxpresso.tools.win32_11.8.0.202306131047/tools/bin/../lib/gcc/arm-none-eabi/12.2.1/../../../../arm-none-eabi/lib/thumb/v6-m/nofp\libcr_c.a(_writebuf.o)
                0x00004a80                _Cwritebuf
 .text.malloc   0x00004ae8       0xdc c:/nxp/mcuxpressoide_11.8.0_1165/ide/plugins/com.nxp.mcuxpresso.tools.win32_11.8.0.202306131047/tools/bin/../lib/gcc/arm-none-eabi/12.2.1/../../../../arm-none-eabi/lib/thumb/v6-m/nofp\libcr_c.a(alloc.o)
                0x00004ae8                malloc
 .text._Csys_alloc
                0x00004bc4       0x20 c:/nxp/mcuxpressoide_11.8.0_1165/ide/plugins/com.nxp.mcuxpresso.tools.win32_11.8.0.202306131047/tools/bin/../lib/gcc/arm-none-eabi/12.2.1/../../../../arm-none-eabi/lib/thumb/v6-m/nofp\libcr_c.a(alloc.o)
                0x00004bc4                _Csys_alloc
 .text.fclose   0x00004be4       0x5c c:/nxp/mcuxpressoide_11.8.0_1165/ide/plugins/com.nxp.mcuxpresso.tools.win32_11.8.0.202306131047/tools/bin/../lib/gcc/arm-none-eabi/12.2.1/../../../../arm-none-eabi/lib/thumb/v6-m/nofp\libcr_c.a(fclose.o)
                0x00004be4                fclose
 .text.fflush   0x00004c40       0x40 c:/nxp/mcuxpressoide_11.8.0_1165/ide/plugins/com.nxp.mcuxpresso.tools.win32_11.8.0.202306131047/tools/bin/../lib/gcc/arm-none-eabi/12.2.1/../../../../arm-none-eabi/lib/thumb/v6-m/nofp\libcr_c.a(fflush.o)
                0x00004c40                fflush
 .text.fseek    0x00004c80       0xec c:/nxp/mcuxpressoide_11.8.0_1165/ide/plugins/com.nxp.mcuxpresso.tools.win32_11.8.0.202306131047/tools/bin/../lib/gcc/arm-none-eabi/12.2.1/../../../../arm-none-eabi/lib/thumb/v6-m/nofp\libcr_c.a(fseek.o)
                0x00004c80                fseek
 .text.ftell    0x00004d6c       0x4c c:/nxp/mcuxpressoide_11.8.0_1165/ide/plugins/com.nxp.mcuxpresso.tools.win32_11.8.0.202306131047/tools/bin/../lib/gcc/arm-none-eabi/12.2.1/../../../../arm-none-eabi/lib/thumb/v6-m/nofp\libcr_c.a(ftell.o)
                0x00004d6c                ftell
 .text._sbrk    0x00004db8       0x44 c:/nxp/mcuxpressoide_11.8.0_1165/ide/plugins/com.nxp.mcuxpresso.tools.win32_11.8.0.202306131047/tools/bin/../lib/gcc/arm-none-eabi/12.2.1/../../../../arm-none-eabi/lib/thumb/v6-m/nofp\libcr_c.a(_cr_sbrk.o)
                0x00004db8                _sbrk
 .text._do_fflush
                0x00004dfc       0x48 c:/nxp/mcuxpressoide_11.8.0_1165/ide/plugins/com.nxp.mcuxpresso.tools.win32_11.8.0.202306131047/tools/bin/../lib/gcc/arm-none-eabi/12.2.1/../../../../arm-none-eabi/lib/thumb/v6-m/nofp\libcr_c.a(_do_fflush.o)
                0x00004dfc                _do_fflush
 .text.__check_heap_overflow
                0x00004e44       0x18 c:/nxp/mcuxpressoide_11.8.0_1165/ide/plugins/com.nxp.mcuxpresso.tools.win32_11.8.0.202306131047/tools/bin/../lib/gcc/arm-none-eabi/12.2.1/../../../../arm-none-eabi/lib/thumb/v6-m/nofp\libcr_c.a(_cr_check_heap.o)
                0x00004e44                __check_heap_overflow
 .text.UART_EnableTx
                0x00004e5c       0x40 ./utilities/fsl_debug_console.o
 .text.UART_EnableRx
                0x00004e9c       0x40 ./utilities/fsl_debug_console.o
 .text.LPSCI_EnableTx
                0x00004edc       0x40 ./utilities/fsl_debug_console.o
 .text.LPSCI_EnableRx
                0x00004f1c       0x40 ./utilities/fsl_debug_console.o
 .text.DbgConsole_PrintfPaddingCharacter
                0x00004f5c       0x48 ./utilities/fsl_debug_console.o
 .text.DbgConsole_ConvertRadixNumToString
                0x00004fa4      0x114 ./utilities/fsl_debug_console.o
 .text.DbgConsole_PrintfFormattedData
                0x000050b8      0x33a ./utilities/fsl_debug_console.o
 .text.decimal_to_bcd_conversion
                0x000053f2       0x3c ./source/DS3231.o
 .text.bcd_to_decimal_conversion
                0x0000542e       0x32 ./source/DS3231.o
 .text.ds3231_set_time
                0x00005460       0x5a ./source/DS3231.o
                0x00005460                ds3231_set_time
 .text.ds3231_read_time
                0x000054ba       0x52 ./source/DS3231.o
                0x000054ba                ds3231_read_time
 .text.ds3231_set_date
                0x0000550c       0xc2 ./source/DS3231.o
                0x0000550c                ds3231_set_date
 .text.ds3231_read_date
                0x000055ce       0xa4 ./source/DS3231.o
                0x000055ce                ds3231_read_date
 .text.ds3231_error_status
                0x00005672       0x2e ./source/DS3231.o
                0x00005672                ds3231_error_status
 .text.i2c_delay
                0x000056a0       0x26 ./source/i2c.o
 .text.oled_init
                0x000056c6       0xd2 ./source/oled_driver.o
                0x000056c6                oled_init
 .text.send_command
                0x00005798       0xe4 ./source/oled_driver.o
 .text.oled_set_position
                0x0000587c       0x72 ./source/oled_driver.o
 .text.oled_clear_page
                0x000058ee       0x44 ./source/oled_driver.o
                0x000058ee                oled_clear_page
 .text.oled_clearDisplay
                0x00005932       0x4e ./source/oled_driver.o
                0x00005932                oled_clearDisplay
 .text.set_column_start_end_addr
                0x00005980       0x26 ./source/oled_driver.o
 .text.set_page_start_end_addr
                0x000059a6       0x26 ./source/oled_driver.o
 .text.init_handler
                0x000059cc       0x22 ./source/project_tasks.o
 .text.vListInitialise
                0x000059ee       0x3c ./freertos/list.o
                0x000059ee                vListInitialise
 .text.vListInitialiseItem
                0x00005a2a       0x16 ./freertos/list.o
                0x00005a2a                vListInitialiseItem
 .text.vListInsertEnd
                0x00005a40       0x44 ./freertos/list.o
                0x00005a40                vListInsertEnd
 .text.vListInsert
                0x00005a84       0x6c ./freertos/list.o
                0x00005a84                vListInsert
 .text.uxListRemove
                0x00005af0       0x50 ./freertos/list.o
                0x00005af0                uxListRemove
 .text.SVC_Handler
                0x00005b40        0xa ./freertos/port.o
                0x00005b40                SVC_Handler
 .text.ulSetInterruptMaskFromISR
                0x00005b4a        0xc ./freertos/port.o
                0x00005b4a                ulSetInterruptMaskFromISR
 .text.vClearInterruptMaskFromISR
                0x00005b56        0x8 ./freertos/port.o
                0x00005b56                vClearInterruptMaskFromISR
 .text.xQueueGenericReset
                0x00005b5e       0xaa ./freertos/queue.o
                0x00005b5e                xQueueGenericReset
 .text.xQueueGenericCreate
                0x00005c08       0x66 ./freertos/queue.o
                0x00005c08                xQueueGenericCreate
 .text.prvInitialiseNewQueue
                0x00005c6e       0x4e ./freertos/queue.o
 .text.xQueueGenericSend
                0x00005cbc      0x190 ./freertos/queue.o
                0x00005cbc                xQueueGenericSend
 .text.xQueueGenericSendFromISR
                0x00005e4c       0xe8 ./freertos/queue.o
                0x00005e4c                xQueueGenericSendFromISR
 .text.xQueueGenericReceive
                0x00005f34      0x1ce ./freertos/queue.o
                0x00005f34                xQueueGenericReceive
 .text.prvCopyDataToQueue
                0x00006102       0xd6 ./freertos/queue.o
 .text.prvCopyDataFromQueue
                0x000061d8       0x4c ./freertos/queue.o
 .text.prvUnlockQueue
                0x00006224       0xbc ./freertos/queue.o
 .text.prvIsQueueEmpty
                0x000062e0       0x2c ./freertos/queue.o
 .text.prvIsQueueFull
                0x0000630c       0x30 ./freertos/queue.o
 .text.vQueueWaitForMessageRestricted
                0x0000633c       0x66 ./freertos/queue.o
                0x0000633c                vQueueWaitForMessageRestricted
 .text.xTaskCreate
                0x000063a2       0x90 ./freertos/tasks.o
                0x000063a2                xTaskCreate
 .text.prvDeleteTCB
                0x00006432       0x22 ./freertos/tasks.o
 .text.prvTimerTask
                0x00006454       0x2a ./freertos/timers.o
 .text.OSC_SetExtRefClkConfig
                0x0000647e       0x3e ./drivers/fsl_clock.o
 .text.OSC_SetCapLoad
                0x000064bc       0x42 ./drivers/fsl_clock.o
 .text.CLOCK_GetPll0RefFreq
                0x000064fe       0x10 ./drivers/fsl_clock.o
 .text.CLOCK_SetExternalRefClkConfig
                0x0000650e       0x16 ./drivers/fsl_clock.o
                0x0000650e                CLOCK_SetExternalRefClkConfig
 .text.LPSCI_GetStatusFlags
                0x00006524       0x26 ./drivers/fsl_lpsci.o
                0x00006524                LPSCI_GetStatusFlags
 .text.UART_GetStatusFlags
                0x0000654a       0x26 ./drivers/fsl_uart.o
                0x0000654a                UART_GetStatusFlags
 .text.UART_WriteBlocking
                0x00006570       0x3c ./drivers/fsl_uart.o
                0x00006570                UART_WriteBlocking
 .text.BOARD_InitBootClocks
                0x000065ac        0xe ./board/clock_config.o
                0x000065ac                BOARD_InitBootClocks
 .text.BOARD_InitBootPeripherals
                0x000065ba        0xa ./board/peripherals.o
                0x000065ba                BOARD_InitBootPeripherals
 .text.BOARD_InitBootPins
                0x000065c4        0xe ./board/pin_mux.o
                0x000065c4                BOARD_InitBootPins
 .text.__main   0x000065d2        0xc c:/nxp/mcuxpressoide_11.8.0_1165/ide/plugins/com.nxp.mcuxpresso.tools.win32_11.8.0.202306131047/tools/bin/../lib/gcc/arm-none-eabi/12.2.1/../../../../arm-none-eabi/lib/thumb/v6-m/nofp\libcr_nohost_nf.a(_cr__main.o)
                0x000065d2                __main
 .text.memcpy   0x000065de        0x8 c:/nxp/mcuxpressoide_11.8.0_1165/ide/plugins/com.nxp.mcuxpresso.tools.win32_11.8.0.202306131047/tools/bin/../lib/gcc/arm-none-eabi/12.2.1/../../../../arm-none-eabi/lib/thumb/v6-m/nofp\libcr_c.a(memcpy.o)
                0x000065de                memcpy
 .text.memset   0x000065e6        0x8 c:/nxp/mcuxpressoide_11.8.0_1165/ide/plugins/com.nxp.mcuxpresso.tools.win32_11.8.0.202306131047/tools/bin/../lib/gcc/arm-none-eabi/12.2.1/../../../../arm-none-eabi/lib/thumb/v6-m/nofp\libcr_c.a(memset.o)
                0x000065e6                memset
 .text.no_fp_display
                0x000065ee        0x4 c:/nxp/mcuxpressoide_11.8.0_1165/ide/plugins/com.nxp.mcuxpresso.tools.win32_11.8.0.202306131047/tools/bin/../lib/gcc/arm-none-eabi/12.2.1/../../../../arm-none-eabi/lib/thumb/v6-m/nofp\libcr_c.a(printf.o)
 .text.free     0x000065f2       0x2c c:/nxp/mcuxpressoide_11.8.0_1165/ide/plugins/com.nxp.mcuxpresso.tools.win32_11.8.0.202306131047/tools/bin/../lib/gcc/arm-none-eabi/12.2.1/../../../../arm-none-eabi/lib/thumb/v6-m/nofp\libcr_c.a(alloc.o)
                0x000065f2                free
 .text.remove   0x0000661e       0x12 c:/nxp/mcuxpressoide_11.8.0_1165/ide/plugins/com.nxp.mcuxpresso.tools.win32_11.8.0.202306131047/tools/bin/../lib/gcc/arm-none-eabi/12.2.1/../../../../arm-none-eabi/lib/thumb/v6-m/nofp\libcr_c.a(remove.o)
                0x0000661e                remove
 .text.__aeabi_division_idivmod
                0x00006630       0x78 c:/nxp/mcuxpressoide_11.8.0_1165/ide/plugins/com.nxp.mcuxpresso.tools.win32_11.8.0.202306131047/tools/bin/../lib/gcc/arm-none-eabi/12.2.1/thumb/v6-m/nofp\libcr_eabihelpers.a(division_32.o)
                0x00006630                __aeabi_idivmod
                0x00006630                __aeabi_idiv
                0x00006636                __aeabi_uidivmod
                0x00006636                __aeabi_uidiv
 .text.__aeabi_division_idiv0
                0x000066a8        0x2 c:/nxp/mcuxpressoide_11.8.0_1165/ide/plugins/com.nxp.mcuxpresso.tools.win32_11.8.0.202306131047/tools/bin/../lib/gcc/arm-none-eabi/12.2.1/thumb/v6-m/nofp\libcr_eabihelpers.a(division_idiv0.o)
                0x000066a8                __aeabi_idiv0
 .text.__aeabi_llong_lmul
                0x000066aa       0x2e c:/nxp/mcuxpressoide_11.8.0_1165/ide/plugins/com.nxp.mcuxpresso.tools.win32_11.8.0.202306131047/tools/bin/../lib/gcc/arm-none-eabi/12.2.1/thumb/v6-m/nofp\libcr_eabihelpers.a(llong.o)
                0x000066aa                __aeabi_lmul
 .text.__aeabi_memcpy
                0x000066d8       0x2c c:/nxp/mcuxpressoide_11.8.0_1165/ide/plugins/com.nxp.mcuxpresso.tools.win32_11.8.0.202306131047/tools/bin/../lib/gcc/arm-none-eabi/12.2.1/thumb/v6-m/nofp\libcr_eabihelpers.a(memcpy.o)
                0x000066d8                __aeabi_memcpy4
                0x000066d8                __aeabi_memcpy8
                0x000066d8                __aeabi_memcpy
 .text.__aeabi_memset_lowlevel
                0x00006704       0x2a c:/nxp/mcuxpressoide_11.8.0_1165/ide/plugins/com.nxp.mcuxpresso.tools.win32_11.8.0.202306131047/tools/bin/../lib/gcc/arm-none-eabi/12.2.1/thumb/v6-m/nofp\libcr_eabihelpers.a(memcpy.o)
                0x00006704                __aeabi_lowlevel_memset
 .text.__gnu_thumb1_case_uqi
                0x0000672e       0x10 c:/nxp/mcuxpressoide_11.8.0_1165/ide/plugins/com.nxp.mcuxpresso.tools.win32_11.8.0.202306131047/tools/bin/../lib/gcc/arm-none-eabi/12.2.1/thumb/v6-m/nofp\libcr_eabihelpers.a(thumb1_switch_helpers.o)
                0x0000672e                __gnu_thumb1_case_uqi
 .text.__gnu_thumb1_case_shi
                0x0000673e       0x10 c:/nxp/mcuxpressoide_11.8.0_1165/ide/plugins/com.nxp.mcuxpresso.tools.win32_11.8.0.202306131047/tools/bin/../lib/gcc/arm-none-eabi/12.2.1/thumb/v6-m/nofp\libcr_eabihelpers.a(thumb1_switch_helpers.o)
                0x0000673e                __gnu_thumb1_case_shi
 .text.__gnu_thumb1_case_uhi
                0x0000674e       0x10 c:/nxp/mcuxpressoide_11.8.0_1165/ide/plugins/com.nxp.mcuxpresso.tools.win32_11.8.0.202306131047/tools/bin/../lib/gcc/arm-none-eabi/12.2.1/thumb/v6-m/nofp\libcr_eabihelpers.a(thumb1_switch_helpers.o)
                0x0000674e                __gnu_thumb1_case_uhi
 .text.__sys_appexit
                0x0000675e        0x2 c:/nxp/mcuxpressoide_11.8.0_1165/ide/plugins/com.nxp.mcuxpresso.tools.win32_11.8.0.202306131047/tools/bin/../lib/gcc/arm-none-eabi/12.2.1/../../../../arm-none-eabi/lib/thumb/v6-m/nofp\libcr_nohost_nf.a(__sys_appexit.o)
                0x0000675e                __sys_appexit
                0x0000675e                __exit
 .text.__sys_close
                0x00006760        0x6 c:/nxp/mcuxpressoide_11.8.0_1165/ide/plugins/com.nxp.mcuxpresso.tools.win32_11.8.0.202306131047/tools/bin/../lib/gcc/arm-none-eabi/12.2.1/../../../../arm-none-eabi/lib/thumb/v6-m/nofp\libcr_nohost_nf.a(__sys_close.o)
                0x00006760                __sys_close
 .text.__sys_flen
                0x00006766        0x6 c:/nxp/mcuxpressoide_11.8.0_1165/ide/plugins/com.nxp.mcuxpresso.tools.win32_11.8.0.202306131047/tools/bin/../lib/gcc/arm-none-eabi/12.2.1/../../../../arm-none-eabi/lib/thumb/v6-m/nofp\libcr_nohost_nf.a(__sys_flen.o)
                0x00006766                __sys_flen
 .text.__sys_istty
                0x0000676c        0x6 c:/nxp/mcuxpressoide_11.8.0_1165/ide/plugins/com.nxp.mcuxpresso.tools.win32_11.8.0.202306131047/tools/bin/../lib/gcc/arm-none-eabi/12.2.1/../../../../arm-none-eabi/lib/thumb/v6-m/nofp\libcr_nohost_nf.a(__sys_istty.o)
                0x0000676c                __sys_istty
 .text.__sys_remove
                0x00006772        0x6 c:/nxp/mcuxpressoide_11.8.0_1165/ide/plugins/com.nxp.mcuxpresso.tools.win32_11.8.0.202306131047/tools/bin/../lib/gcc/arm-none-eabi/12.2.1/../../../../arm-none-eabi/lib/thumb/v6-m/nofp\libcr_nohost_nf.a(__sys_remove.o)
                0x00006772                __sys_remove
 .text.__sys_seek
                0x00006778        0x6 c:/nxp/mcuxpressoide_11.8.0_1165/ide/plugins/com.nxp.mcuxpresso.tools.win32_11.8.0.202306131047/tools/bin/../lib/gcc/arm-none-eabi/12.2.1/../../../../arm-none-eabi/lib/thumb/v6-m/nofp\libcr_nohost_nf.a(__sys_seek.o)
                0x00006778                __sys_seek
 .text.__sys_tmpnam
                0x0000677e        0x6 c:/nxp/mcuxpressoide_11.8.0_1165/ide/plugins/com.nxp.mcuxpresso.tools.win32_11.8.0.202306131047/tools/bin/../lib/gcc/arm-none-eabi/12.2.1/../../../../arm-none-eabi/lib/thumb/v6-m/nofp\libcr_nohost_nf.a(__sys_tmpnam.o)
                0x0000677e                __sys_tmpnam
 .text.__sys_write
                0x00006784        0x4 c:/nxp/mcuxpressoide_11.8.0_1165/ide/plugins/com.nxp.mcuxpresso.tools.win32_11.8.0.202306131047/tools/bin/../lib/gcc/arm-none-eabi/12.2.1/../../../../arm-none-eabi/lib/thumb/v6-m/nofp\libcr_nohost_nf.a(__sys_write.o)
                0x00006784                __sys_write
 *freertos*/tasks.o(SORT_BY_ALIGNMENT(.rodata*))
 .rodata.vTaskStartScheduler.str1.4
                0x00006788        0x5 ./freertos/tasks.o
 *fill*         0x0000678d        0x3 ff
 .rodata.xTaskGenericNotify
                0x00006790       0x14 ./freertos/tasks.o
 .rodata.xTaskGenericNotifyFromISR
                0x000067a4       0x14 ./freertos/tasks.o
 *(SORT_BY_ALIGNMENT(.rodata) SORT_BY_ALIGNMENT(.rodata.*) SORT_BY_ALIGNMENT(.constdata) SORT_BY_ALIGNMENT(.constdata.*))
 .rodata.ds3231_get_day_of_week.str1.4
                0x000067b8       0x41 ./source/DS3231.o
 *fill*         0x000067f9        0x3 ff
 .rodata.ds3231_get_day_of_week
                0x000067fc       0x1c ./source/DS3231.o
 .rodata.main.str1.4
                0x00006818        0xe ./source/PES_Final_Project.o
 *fill*         0x00006826        0x2 ff
 .rodata.project_task_run.str1.4
                0x00006828       0x3c ./source/project_tasks.o
 .rodata.monitor_failure_handler.str1.4
                0x00006864        0xb ./source/project_tasks.o
 *fill*         0x0000686f        0x1 ff
 .rodata.print_time_and_date.str1.4
                0x00006870       0x1f ./source/project_tasks.o
 *fill*         0x0000688f        0x1 ff
 .rodata.xTimerCreateTimerTask.str1.4
                0x00006890        0x8 ./freertos/timers.o
 .rodata.prvProcessReceivedCommands
                0x00006898       0x28 ./freertos/timers.o
 .rodata.prvCheckForValidListAndQueue.str1.4
                0x000068c0        0x5 ./freertos/timers.o
 *fill*         0x000068c5        0x3 ff
 .rodata.CLOCK_GetMcgExtClkFreq.str1.4
                0x000068c8       0x1e ./drivers/fsl_clock.o
 *fill*         0x000068e6        0x2 ff
 .rodata.CLOCK_GetPll0Freq.str1.4
                0x000068e8       0x1d ./drivers/fsl_clock.o
 *fill*         0x00006905        0x3 ff
 .rodata.CLOCK_EnablePll0.str1.4
                0x00006908       0x19 ./drivers/fsl_clock.o
 *fill*         0x00006921        0x3 ff
 .rodata.CLOCK_SetPbeMode.str1.4
                0x00006924       0x1a ./drivers/fsl_clock.o
 *fill*         0x0000693e        0x2 ff
 .rodata.CLOCK_BootToPeeMode.str1.4
                0x00006940       0x1a ./drivers/fsl_clock.o
 *fill*         0x0000695a        0x2 ff
 .rodata.fllFactorTable.1
                0x0000695c       0x10 ./drivers/fsl_clock.o
 .rodata.__assertion_failed.str1.4
                0x0000696c        0x4 ./drivers/fsl_common.o
 .rodata.LPSCI_GetInstance.str1.4
                0x00006970       0x36 ./drivers/fsl_lpsci.o
 *fill*         0x000069a6        0x2 ff
 .rodata.LPSCI_Init.str1.4
                0x000069a8       0x43 ./drivers/fsl_lpsci.o
 *fill*         0x000069eb        0x1 ff
 .rodata.LPSCI_GetDefaultConfig.str1.4
                0x000069ec       0x19 ./drivers/fsl_lpsci.o
 *fill*         0x00006a05        0x3 ff
 .rodata.LPSCI_WriteBlocking.str1.4
                0x00006a08       0x17 ./drivers/fsl_lpsci.o
 *fill*         0x00006a1f        0x1 ff
 .rodata.LPSCI_ReadBlocking.str1.4
                0x00006a20       0x17 ./drivers/fsl_lpsci.o
 *fill*         0x00006a37        0x1 ff
 .rodata.s_uartBases
                0x00006a38        0xc ./drivers/fsl_uart.o
 .rodata.s_uartClock
                0x00006a44        0xc ./drivers/fsl_uart.o
 .rodata.UART_GetInstance.str1.4
                0x00006a50       0x2b ./drivers/fsl_uart.o
 *fill*         0x00006a7b        0x1 ff
 .rodata.UART_Init.str1.4
                0x00006a7c       0x3e ./drivers/fsl_uart.o
 *fill*         0x00006aba        0x2 ff
 .rodata.UART_GetDefaultConfig.str1.4
                0x00006abc       0x18 ./drivers/fsl_uart.o
 .rodata.UART_ReadBlocking.str1.4
                0x00006ad4       0x16 ./drivers/fsl_uart.o
 *fill*         0x00006aea        0x2 ff
 .rodata.mcgConfig_BOARD_BootClockRUN
                0x00006aec        0xa ./board/clock_config.o
                0x00006aec                mcgConfig_BOARD_BootClockRUN
 *fill*         0x00006af6        0x2 ff
 .rodata.simConfig_BOARD_BootClockRUN
                0x00006af8        0x8 ./board/clock_config.o
                0x00006af8                simConfig_BOARD_BootClockRUN
 .rodata.oscConfig_BOARD_BootClockRUN
                0x00006b00        0x8 ./board/clock_config.o
                0x00006b00                oscConfig_BOARD_BootClockRUN
 .rodata.__num_Ciob_streams
                0x00006b08        0x4 c:/nxp/mcuxpressoide_11.8.0_1165/ide/plugins/com.nxp.mcuxpresso.tools.win32_11.8.0.202306131047/tools/bin/../lib/gcc/arm-none-eabi/12.2.1/../../../../arm-none-eabi/lib/thumb/v6-m/nofp\libcr_nohost_nf.a(__ciob.o)
                0x00006b08                __num_Ciob_streams
 .rodata._initio.str1.1
                0x00006b0c        0x4 c:/nxp/mcuxpressoide_11.8.0_1165/ide/plugins/com.nxp.mcuxpresso.tools.win32_11.8.0.202306131047/tools/bin/../lib/gcc/arm-none-eabi/12.2.1/../../../../arm-none-eabi/lib/thumb/v6-m/nofp\libcr_c.a(initio.o)
 .rodata.__vfprintf.str1.1
                0x00006b10       0x37 c:/nxp/mcuxpressoide_11.8.0_1165/ide/plugins/com.nxp.mcuxpresso.tools.win32_11.8.0.202306131047/tools/bin/../lib/gcc/arm-none-eabi/12.2.1/../../../../arm-none-eabi/lib/thumb/v6-m/nofp\libcr_c.a(printf.o)
                                 0x38 (size before relaxing)
 .rodata._Csys_alloc.str1.1
                0x00006b47       0x18 c:/nxp/mcuxpressoide_11.8.0_1165/ide/plugins/com.nxp.mcuxpresso.tools.win32_11.8.0.202306131047/tools/bin/../lib/gcc/arm-none-eabi/12.2.1/../../../../arm-none-eabi/lib/thumb/v6-m/nofp\libcr_c.a(alloc.o)
                0x00006b60                . = ALIGN (0x4)
 *fill*         0x00006b5f        0x1 ff

.glue_7         0x00006b60        0x0
 .glue_7        0x00006b60        0x0 linker stubs

.glue_7t        0x00006b60        0x0
 .glue_7t       0x00006b60        0x0 linker stubs

.vfp11_veneer   0x00006b60        0x0
 .vfp11_veneer  0x00006b60        0x0 linker stubs

.v4_bx          0x00006b60        0x0
 .v4_bx         0x00006b60        0x0 linker stubs

.iplt           0x00006b60        0x0
 .iplt          0x00006b60        0x0 ./utilities/fsl_debug_console.o

.rel.dyn        0x00006b60        0x0
 .rel.iplt      0x00006b60        0x0 ./utilities/fsl_debug_console.o

.ARM.extab
 *(SORT_BY_ALIGNMENT(.ARM.extab*) SORT_BY_ALIGNMENT(.gnu.linkonce.armextab.*))

.ARM.exidx      0x00006b60        0x0
                0x00006b60                __exidx_start = .
 *(SORT_BY_ALIGNMENT(.ARM.exidx*) SORT_BY_ALIGNMENT(.gnu.linkonce.armexidx.*))
                0x00006b60                __exidx_end = .
                0x00006b60                _etext = .

.m_usb_data
 *(SORT_BY_ALIGNMENT(m_usb_bdt))

.mtb_buffer_default
                0x1ffff000       0x80
 *(SORT_BY_ALIGNMENT(.mtb*))
 .mtb.$RAM1     0x1ffff000       0x80 ./source/mtb.o
                0x1ffff000                __mtb_buffer__

.uninit_RESERVED
                0x1ffff080        0x0
                0x1ffff080                _start_uninit_RESERVED = .
 *(SORT_BY_ALIGNMENT(.bss.$RESERVED*))
                0x1ffff080                . = ALIGN (0x4)
                0x1ffff080                _end_uninit_RESERVED = .

.data           0x1ffff080      0x1ec load address 0x00006b60
 FILL mask 0xff
                0x1ffff080                _data = .
                [!provide]                PROVIDE (__start_data_RAM = .)
                [!provide]                PROVIDE (__start_data_SRAM = .)
 *(SORT_BY_ALIGNMENT(vtable))
 *(SORT_BY_ALIGNMENT(.ramfunc*))
 *(SORT_BY_ALIGNMENT(CodeQuickAccess))
 *(SORT_BY_ALIGNMENT(DataQuickAccess))
 *(SORT_BY_ALIGNMENT(RamFunction))
 *(SORT_BY_ALIGNMENT(.data*))
 .data.font_5x7
                0x1ffff080      0x1e0 ./source/oled_driver.o
 .data.uxCriticalNesting
                0x1ffff260        0x4 ./freertos/port.o
 .data.s_slowIrcFreq
                0x1ffff264        0x4 ./drivers/fsl_clock.o
 .data.SystemCoreClock
                0x1ffff268        0x4 ./CMSIS/system_MKL25Z4.o
                0x1ffff268                SystemCoreClock
                0x1ffff26c                . = ALIGN (0x4)
                0x1ffff26c                _edata = .
                [!provide]                PROVIDE (__end_data_RAM = .)
                [!provide]                PROVIDE (__end_data_SRAM = .)

.igot.plt       0x1ffff26c        0x0 load address 0x00006d4c
 .igot.plt      0x1ffff26c        0x0 ./utilities/fsl_debug_console.o

.bss            0x1ffff26c     0x2aa0
                0x1ffff26c                _bss = .
                [!provide]                PROVIDE (__start_bss_RAM = .)
                [!provide]                PROVIDE (__start_bss_SRAM = .)
 *(SORT_BY_ALIGNMENT(.bss*))
 .bss.s_debugConsole
                0x1ffff26c       0x10 ./utilities/fsl_debug_console.o
 .bss.i.0       0x1ffff27c        0x4 ./source/PES_Final_Project.o
 .bss.rtc_set_handle
                0x1ffff280        0x4 ./source/project_tasks.o
                0x1ffff280                rtc_set_handle
 .bss.rtc_read_handle
                0x1ffff284        0x4 ./source/project_tasks.o
                0x1ffff284                rtc_read_handle
 .bss.init_handle
                0x1ffff288        0x4 ./source/project_tasks.o
                0x1ffff288                init_handle
 .bss.monitor_failure_handle
                0x1ffff28c        0x4 ./source/project_tasks.o
                0x1ffff28c                monitor_failure_handle
 .bss.status    0x1ffff290        0x4 ./source/project_tasks.o
                0x1ffff290                status
 .bss.ucHeap    0x1ffff294     0x2800 ./freertos/heap_4.o
 .bss.xStart    0x20001a94        0x8 ./freertos/heap_4.o
 .bss.pxEnd     0x20001a9c        0x4 ./freertos/heap_4.o
 .bss.xFreeBytesRemaining
                0x20001aa0        0x4 ./freertos/heap_4.o
 .bss.xMinimumEverFreeBytesRemaining
                0x20001aa4        0x4 ./freertos/heap_4.o
 .bss.xBlockAllocatedBit
                0x20001aa8        0x4 ./freertos/heap_4.o
 .bss.xQueueRegistry
                0x20001aac       0x40 ./freertos/queue.o
                0x20001aac                xQueueRegistry
 .bss.pxCurrentTCB
                0x20001aec        0x4 ./freertos/tasks.o
                0x20001aec                pxCurrentTCB
 .bss.pxReadyTasksLists
                0x20001af0       0x64 ./freertos/tasks.o
 .bss.xDelayedTaskList1
                0x20001b54       0x14 ./freertos/tasks.o
 .bss.xDelayedTaskList2
                0x20001b68       0x14 ./freertos/tasks.o
 .bss.pxDelayedTaskList
                0x20001b7c        0x4 ./freertos/tasks.o
 .bss.pxOverflowDelayedTaskList
                0x20001b80        0x4 ./freertos/tasks.o
 .bss.xPendingReadyList
                0x20001b84       0x14 ./freertos/tasks.o
 .bss.xTasksWaitingTermination
                0x20001b98       0x14 ./freertos/tasks.o
 .bss.uxDeletedTasksWaitingCleanUp
                0x20001bac        0x4 ./freertos/tasks.o
 .bss.xSuspendedTaskList
                0x20001bb0       0x14 ./freertos/tasks.o
 .bss.uxCurrentNumberOfTasks
                0x20001bc4        0x4 ./freertos/tasks.o
 .bss.xTickCount
                0x20001bc8        0x4 ./freertos/tasks.o
 .bss.uxTopReadyPriority
                0x20001bcc        0x4 ./freertos/tasks.o
 .bss.xSchedulerRunning
                0x20001bd0        0x4 ./freertos/tasks.o
 .bss.uxPendedTicks
                0x20001bd4        0x4 ./freertos/tasks.o
 .bss.xYieldPending
                0x20001bd8        0x4 ./freertos/tasks.o
 .bss.xNumOfOverflows
                0x20001bdc        0x4 ./freertos/tasks.o
 .bss.uxTaskNumber
                0x20001be0        0x4 ./freertos/tasks.o
 .bss.xNextTaskUnblockTime
                0x20001be4        0x4 ./freertos/tasks.o
 .bss.xIdleTaskHandle
                0x20001be8        0x4 ./freertos/tasks.o
 .bss.uxSchedulerSuspended
                0x20001bec        0x4 ./freertos/tasks.o
 .bss.xActiveTimerList1
                0x20001bf0       0x14 ./freertos/timers.o
 .bss.xActiveTimerList2
                0x20001c04       0x14 ./freertos/timers.o
 .bss.pxCurrentTimerList
                0x20001c18        0x4 ./freertos/timers.o
 .bss.pxOverflowTimerList
                0x20001c1c        0x4 ./freertos/timers.o
 .bss.xTimerQueue
                0x20001c20        0x4 ./freertos/timers.o
 .bss.xTimerTaskHandle
                0x20001c24        0x4 ./freertos/timers.o
 .bss.xLastTime.0
                0x20001c28        0x4 ./freertos/timers.o
 .bss.g_xtal0Freq
                0x20001c2c        0x4 ./drivers/fsl_clock.o
                0x20001c2c                g_xtal0Freq
 .bss.s_lpsciHandle
                0x20001c30        0x4 ./drivers/fsl_lpsci.o
 .bss.s_lpsciIsr
                0x20001c34        0x4 ./drivers/fsl_lpsci.o
 .bss.s_uartHandle
                0x20001c38        0xc ./drivers/fsl_uart.o
 .bss.s_uartIsr
                0x20001c44        0x4 ./drivers/fsl_uart.o
 .bss.__end_of_heap
                0x20001c48        0x4 c:/nxp/mcuxpressoide_11.8.0_1165/ide/plugins/com.nxp.mcuxpresso.tools.win32_11.8.0.202306131047/tools/bin/../lib/gcc/arm-none-eabi/12.2.1/../../../../arm-none-eabi/lib/thumb/v6-m/nofp\libcr_c.a(__init_alloc.o)
                0x20001c48                __end_of_heap
 .bss.__heaps   0x20001c4c        0x4 c:/nxp/mcuxpressoide_11.8.0_1165/ide/plugins/com.nxp.mcuxpresso.tools.win32_11.8.0.202306131047/tools/bin/../lib/gcc/arm-none-eabi/12.2.1/../../../../arm-none-eabi/lib/thumb/v6-m/nofp\libcr_c.a(__init_alloc.o)
                0x20001c4c                __heaps
 .bss.errno     0x20001c50        0x4 c:/nxp/mcuxpressoide_11.8.0_1165/ide/plugins/com.nxp.mcuxpresso.tools.win32_11.8.0.202306131047/tools/bin/../lib/gcc/arm-none-eabi/12.2.1/../../../../arm-none-eabi/lib/thumb/v6-m/nofp\libcr_c.a(errno.o)
                0x20001c50                errno
 .bss.__Ciob    0x20001c54       0xb4 c:/nxp/mcuxpressoide_11.8.0_1165/ide/plugins/com.nxp.mcuxpresso.tools.win32_11.8.0.202306131047/tools/bin/../lib/gcc/arm-none-eabi/12.2.1/../../../../arm-none-eabi/lib/thumb/v6-m/nofp\libcr_nohost_nf.a(__ciob.o)
                0x20001c54                __Ciob
 .bss.current_day
                0x20001d08        0x1 ./source/project_tasks.o
                0x20001d08                current_day
 *(SORT_BY_ALIGNMENT(COMMON))
                0x20001d0c                . = ALIGN (0x4)
 *fill*         0x20001d09        0x3 
                0x20001d0c                _ebss = .
                [!provide]                PROVIDE (__end_bss_RAM = .)
                [!provide]                PROVIDE (__end_bss_SRAM = .)
                [!provide]                PROVIDE (end = .)

.noinit         0x20001d0c        0x0
                0x20001d0c                _noinit = .
                [!provide]                PROVIDE (__start_noinit_RAM = .)
                [!provide]                PROVIDE (__start_noinit_SRAM = .)
 *(SORT_BY_ALIGNMENT(.noinit*))
                0x20001d0c                . = ALIGN (0x4)
                0x20001d0c                _end_noinit = .
                [!provide]                PROVIDE (__end_noinit_RAM = .)
                [!provide]                PROVIDE (__end_noinit_SRAM = .)
                0x00000400                _HeapSize = 0x400

.heap           0x20001d0c      0x400
                0x20001d0c                _pvHeapStart = .
                0x2000210c                . = (. + _HeapSize)
 *fill*         0x20001d0c      0x400 
                0x2000210c                . = ALIGN (0x4)
                0x2000210c                _pvHeapLimit = .
                0x00000400                _StackSize = 0x400

.heap2stackfill
                0x2000210c      0x400
                0x2000250c                . = (. + _StackSize)
 *fill*         0x2000210c      0x400 

.stack          0x20002c00        0x0
                0x20002c00                _vStackBase = .
                0x20002c00                . = ALIGN (0x4)
                0x20003000                _vStackTop = (. + _StackSize)
                0x00000000                _image_start = LOADADDR (.text)
                0x00006d4c                _image_end = (LOADADDR (.data) + SIZEOF (.data))
                0x00006d4c                _image_size = (_image_end - _image_start)
OUTPUT(PES_Final_Project.axf elf32-littlearm)
LOAD linker stubs

.debug_info     0x00000000     0xc102
 .debug_info    0x00000000      0xea7 ./utilities/fsl_debug_console.o
 .debug_info    0x00000ea7      0x63a ./startup/startup_mkl25z4.o
 .debug_info    0x000014e1      0x2ff ./source/DS3231.o
 .debug_info    0x000017e0       0xf0 ./source/PES_Final_Project.o
 .debug_info    0x000018d0      0x539 ./source/i2c.o
 .debug_info    0x00001e09       0x54 ./source/mtb.o
 .debug_info    0x00001e5d      0x341 ./source/oled_driver.o
 .debug_info    0x0000219e      0x4d8 ./source/project_tasks.o
 .debug_info    0x00002676       0x3d ./source/semihost_hardfault.o
 .debug_info    0x000026b3       0xb5 ./freertos/fsl_tickless_lptmr.o
 .debug_info    0x00002768      0x2fd ./freertos/heap_4.o
 .debug_info    0x00002a65      0x292 ./freertos/list.o
 .debug_info    0x00002cf7      0x238 ./freertos/port.o
 .debug_info    0x00002f2f      0xfcb ./freertos/queue.o
 .debug_info    0x00003efa     0x1879 ./freertos/tasks.o
 .debug_info    0x00005773      0xcef ./freertos/timers.o
 .debug_info    0x00006462     0x19b4 ./drivers/fsl_clock.o
 .debug_info    0x00007e16      0x3e7 ./drivers/fsl_common.o
 .debug_info    0x000081fd     0x13b6 ./drivers/fsl_lpsci.o
 .debug_info    0x000095b3     0x1356 ./drivers/fsl_uart.o
 .debug_info    0x0000a909      0x3a8 ./board/board.o
 .debug_info    0x0000acb1      0xb38 ./board/clock_config.o
 .debug_info    0x0000b7e9       0x3d ./board/peripherals.o
 .debug_info    0x0000b826      0x51c ./board/pin_mux.o
 .debug_info    0x0000bd42      0x3c0 ./CMSIS/system_MKL25Z4.o

.debug_abbrev   0x00000000     0x2b97
 .debug_abbrev  0x00000000      0x30e ./utilities/fsl_debug_console.o
 .debug_abbrev  0x0000030e      0x17f ./startup/startup_mkl25z4.o
 .debug_abbrev  0x0000048d      0x14e ./source/DS3231.o
 .debug_abbrev  0x000005db       0xa6 ./source/PES_Final_Project.o
 .debug_abbrev  0x00000681      0x1b0 ./source/i2c.o
 .debug_abbrev  0x00000831       0x45 ./source/mtb.o
 .debug_abbrev  0x00000876      0x162 ./source/oled_driver.o
 .debug_abbrev  0x000009d8      0x1d2 ./source/project_tasks.o
 .debug_abbrev  0x00000baa       0x2f ./source/semihost_hardfault.o
 .debug_abbrev  0x00000bd9       0x67 ./freertos/fsl_tickless_lptmr.o
 .debug_abbrev  0x00000c40      0x1a1 ./freertos/heap_4.o
 .debug_abbrev  0x00000de1       0xee ./freertos/list.o
 .debug_abbrev  0x00000ecf      0x19e ./freertos/port.o
 .debug_abbrev  0x0000106d      0x2a6 ./freertos/queue.o
 .debug_abbrev  0x00001313      0x32d ./freertos/tasks.o
 .debug_abbrev  0x00001640      0x287 ./freertos/timers.o
 .debug_abbrev  0x000018c7      0x385 ./drivers/fsl_clock.o
 .debug_abbrev  0x00001c4c      0x285 ./drivers/fsl_common.o
 .debug_abbrev  0x00001ed1      0x314 ./drivers/fsl_lpsci.o
 .debug_abbrev  0x000021e5      0x330 ./drivers/fsl_uart.o
 .debug_abbrev  0x00002515      0x151 ./board/board.o
 .debug_abbrev  0x00002666      0x241 ./board/clock_config.o
 .debug_abbrev  0x000028a7       0x2f ./board/peripherals.o
 .debug_abbrev  0x000028d6      0x18d ./board/pin_mux.o
 .debug_abbrev  0x00002a63      0x134 ./CMSIS/system_MKL25Z4.o

.debug_aranges  0x00000000      0xde8
 .debug_aranges
                0x00000000       0x90 ./utilities/fsl_debug_console.o
 .debug_aranges
                0x00000090      0x160 ./startup/startup_mkl25z4.o
 .debug_aranges
                0x000001f0       0x58 ./source/DS3231.o
 .debug_aranges
                0x00000248       0x20 ./source/PES_Final_Project.o
 .debug_aranges
                0x00000268       0x58 ./source/i2c.o
 .debug_aranges
                0x000002c0       0x18 ./source/mtb.o
 .debug_aranges
                0x000002d8       0x58 ./source/oled_driver.o
 .debug_aranges
                0x00000330       0x48 ./source/project_tasks.o
 .debug_aranges
                0x00000378       0x20 ./source/semihost_hardfault.o
 .debug_aranges
                0x00000398       0x20 ./freertos/fsl_tickless_lptmr.o
 .debug_aranges
                0x000003b8       0x50 ./freertos/heap_4.o
 .debug_aranges
                0x00000408       0x40 ./freertos/list.o
 .debug_aranges
                0x00000448       0x80 ./freertos/port.o
 .debug_aranges
                0x000004c8      0x118 ./freertos/queue.o
 .debug_aranges
                0x000005e0      0x1e8 ./freertos/tasks.o
 .debug_aranges
                0x000007c8       0xc8 ./freertos/timers.o
 .debug_aranges
                0x00000890      0x1d8 ./drivers/fsl_clock.o
 .debug_aranges
                0x00000a68       0x38 ./drivers/fsl_common.o
 .debug_aranges
                0x00000aa0      0x118 ./drivers/fsl_lpsci.o
 .debug_aranges
                0x00000bb8      0x130 ./drivers/fsl_uart.o
 .debug_aranges
                0x00000ce8       0x28 ./board/board.o
 .debug_aranges
                0x00000d10       0x58 ./board/clock_config.o
 .debug_aranges
                0x00000d68       0x20 ./board/peripherals.o
 .debug_aranges
                0x00000d88       0x38 ./board/pin_mux.o
 .debug_aranges
                0x00000dc0       0x28 ./CMSIS/system_MKL25Z4.o

.debug_rnglists
                0x00000000      0xa47
 .debug_rnglists
                0x00000000       0x6d ./utilities/fsl_debug_console.o
 .debug_rnglists
                0x0000006d      0x103 ./startup/startup_mkl25z4.o
 .debug_rnglists
                0x00000170       0x3f ./source/DS3231.o
 .debug_rnglists
                0x000001af       0x13 ./source/PES_Final_Project.o
 .debug_rnglists
                0x000001c2       0x40 ./source/i2c.o
 .debug_rnglists
                0x00000202       0x40 ./source/oled_driver.o
 .debug_rnglists
                0x00000242       0x33 ./source/project_tasks.o
 .debug_rnglists
                0x00000275       0x13 ./source/semihost_hardfault.o
 .debug_rnglists
                0x00000288       0x13 ./freertos/fsl_tickless_lptmr.o
 .debug_rnglists
                0x0000029b       0x3b ./freertos/heap_4.o
 .debug_rnglists
                0x000002d6       0x2b ./freertos/list.o
 .debug_rnglists
                0x00000301       0x5b ./freertos/port.o
 .debug_rnglists
                0x0000035c       0xd6 ./freertos/queue.o
 .debug_rnglists
                0x00000432      0x185 ./freertos/tasks.o
 .debug_rnglists
                0x000005b7       0x96 ./freertos/timers.o
 .debug_rnglists
                0x0000064d      0x16f ./drivers/fsl_clock.o
 .debug_rnglists
                0x000007bc       0x26 ./drivers/fsl_common.o
 .debug_rnglists
                0x000007e2       0xd6 ./drivers/fsl_lpsci.o
 .debug_rnglists
                0x000008b8       0xe7 ./drivers/fsl_uart.o
 .debug_rnglists
                0x0000099f       0x19 ./board/board.o
 .debug_rnglists
                0x000009b8       0x3d ./board/clock_config.o
 .debug_rnglists
                0x000009f5       0x13 ./board/peripherals.o
 .debug_rnglists
                0x00000a08       0x25 ./board/pin_mux.o
 .debug_rnglists
                0x00000a2d       0x1a ./CMSIS/system_MKL25Z4.o

.debug_macro    0x00000000     0xa3af
 .debug_macro   0x00000000      0x127 ./utilities/fsl_debug_console.o
 .debug_macro   0x00000127      0xacc ./utilities/fsl_debug_console.o
 .debug_macro   0x00000bf3       0x10 ./utilities/fsl_debug_console.o
 .debug_macro   0x00000c03       0x16 ./utilities/fsl_debug_console.o
 .debug_macro   0x00000c19       0x10 ./utilities/fsl_debug_console.o
 .debug_macro   0x00000c29      0x12e ./utilities/fsl_debug_console.o
 .debug_macro   0x00000d57       0x28 ./utilities/fsl_debug_console.o
 .debug_macro   0x00000d7f       0xc4 ./utilities/fsl_debug_console.o
 .debug_macro   0x00000e43       0x16 ./utilities/fsl_debug_console.o
 .debug_macro   0x00000e59       0x22 ./utilities/fsl_debug_console.o
 .debug_macro   0x00000e7b      0x5b3 ./utilities/fsl_debug_console.o
 .debug_macro   0x0000142e       0x10 ./utilities/fsl_debug_console.o
 .debug_macro   0x0000143e       0x3f ./utilities/fsl_debug_console.o
 .debug_macro   0x0000147d       0x3a ./utilities/fsl_debug_console.o
 .debug_macro   0x000014b7       0x26 ./utilities/fsl_debug_console.o
 .debug_macro   0x000014dd      0x329 ./utilities/fsl_debug_console.o
 .debug_macro   0x00001806       0x30 ./utilities/fsl_debug_console.o
 .debug_macro   0x00001836     0x51e2 ./utilities/fsl_debug_console.o
 .debug_macro   0x00006a18     0x1352 ./utilities/fsl_debug_console.o
 .debug_macro   0x00007d6a       0x3a ./utilities/fsl_debug_console.o
 .debug_macro   0x00007da4       0xf4 ./utilities/fsl_debug_console.o
 .debug_macro   0x00007e98       0x35 ./utilities/fsl_debug_console.o
 .debug_macro   0x00007ecd       0x2e ./utilities/fsl_debug_console.o
 .debug_macro   0x00007efb       0x10 ./utilities/fsl_debug_console.o
 .debug_macro   0x00007f0b       0x10 ./utilities/fsl_debug_console.o
 .debug_macro   0x00007f1b       0x29 ./startup/startup_mkl25z4.o
 .debug_macro   0x00007f44       0x9c ./source/DS3231.o
 .debug_macro   0x00007fe0      0x145 ./source/PES_Final_Project.o
 .debug_macro   0x00008125       0xd8 ./source/PES_Final_Project.o
 .debug_macro   0x000081fd       0x16 ./source/PES_Final_Project.o
 .debug_macro   0x00008213       0x10 ./source/PES_Final_Project.o
 .debug_macro   0x00008223      0x112 ./source/PES_Final_Project.o
 .debug_macro   0x00008335       0x34 ./source/PES_Final_Project.o
 .debug_macro   0x00008369       0xcb ./source/i2c.o
 .debug_macro   0x00008434       0x34 ./source/i2c.o
 .debug_macro   0x00008468       0x2f ./source/mtb.o
 .debug_macro   0x00008497       0x82 ./source/mtb.o
 .debug_macro   0x00008519       0x10 ./source/mtb.o
 .debug_macro   0x00008529       0xda ./source/oled_driver.o
 .debug_macro   0x00008603       0xac ./source/oled_driver.o
 .debug_macro   0x000086af       0x22 ./source/oled_driver.o
 .debug_macro   0x000086d1      0x1a8 ./source/project_tasks.o
 .debug_macro   0x00008879       0x16 ./source/project_tasks.o
 .debug_macro   0x0000888f      0x18b ./source/project_tasks.o
 .debug_macro   0x00008a1a      0x168 ./source/project_tasks.o
 .debug_macro   0x00008b82       0xb6 ./source/project_tasks.o
 .debug_macro   0x00008c38       0x10 ./source/project_tasks.o
 .debug_macro   0x00008c48       0x1f ./source/project_tasks.o
 .debug_macro   0x00008c67      0x361 ./source/project_tasks.o
 .debug_macro   0x00008fc8       0xc0 ./source/project_tasks.o
 .debug_macro   0x00009088       0x8c ./source/project_tasks.o
 .debug_macro   0x00009114       0xb2 ./source/project_tasks.o
 .debug_macro   0x000091c6       0x10 ./source/project_tasks.o
 .debug_macro   0x000091d6       0x1c ./source/project_tasks.o
 .debug_macro   0x000091f2       0xd2 ./source/project_tasks.o
 .debug_macro   0x000092c4       0x94 ./source/project_tasks.o
 .debug_macro   0x00009358       0x78 ./source/project_tasks.o
 .debug_macro   0x000093d0       0x11 ./source/semihost_hardfault.o
 .debug_macro   0x000093e1       0xbd ./freertos/fsl_tickless_lptmr.o
 .debug_macro   0x0000949e       0x8e ./freertos/fsl_tickless_lptmr.o
 .debug_macro   0x0000952c       0xe0 ./freertos/heap_4.o
 .debug_macro   0x0000960c       0xb9 ./freertos/list.o
 .debug_macro   0x000096c5       0xcf ./freertos/port.o
 .debug_macro   0x00009794      0x122 ./freertos/queue.o
 .debug_macro   0x000098b6      0x182 ./freertos/tasks.o
 .debug_macro   0x00009a38       0x11 ./freertos/tasks.o
 .debug_macro   0x00009a49       0xec ./freertos/timers.o
 .debug_macro   0x00009b35      0x196 ./drivers/fsl_clock.o
 .debug_macro   0x00009ccb       0x1c ./drivers/fsl_clock.o
 .debug_macro   0x00009ce7       0xef ./drivers/fsl_common.o
 .debug_macro   0x00009dd6       0xec ./drivers/fsl_lpsci.o
 .debug_macro   0x00009ec2       0xf2 ./drivers/fsl_uart.o
 .debug_macro   0x00009fb4      0x112 ./board/board.o
 .debug_macro   0x0000a0c6      0x123 ./board/clock_config.o
 .debug_macro   0x0000a1e9       0x1b ./board/peripherals.o
 .debug_macro   0x0000a204      0x107 ./board/pin_mux.o
 .debug_macro   0x0000a30b       0x10 ./board/pin_mux.o
 .debug_macro   0x0000a31b       0x94 ./CMSIS/system_MKL25Z4.o

.debug_line     0x00000000     0x9d61
 .debug_line    0x00000000      0xcad ./utilities/fsl_debug_console.o
 .debug_line    0x00000cad      0x310 ./startup/startup_mkl25z4.o
 .debug_line    0x00000fbd      0x2fc ./source/DS3231.o
 .debug_line    0x000012b9      0x44f ./source/PES_Final_Project.o
 .debug_line    0x00001708      0x49d ./source/i2c.o
 .debug_line    0x00001ba5       0xd1 ./source/mtb.o
 .debug_line    0x00001c76      0x355 ./source/oled_driver.o
 .debug_line    0x00001fcb      0x525 ./source/project_tasks.o
 .debug_line    0x000024f0       0x59 ./source/semihost_hardfault.o
 .debug_line    0x00002549      0x255 ./freertos/fsl_tickless_lptmr.o
 .debug_line    0x0000279e      0x493 ./freertos/heap_4.o
 .debug_line    0x00002c31      0x319 ./freertos/list.o
 .debug_line    0x00002f4a      0x3d0 ./freertos/port.o
 .debug_line    0x0000331a      0xc90 ./freertos/queue.o
 .debug_line    0x00003faa     0x153a ./freertos/tasks.o
 .debug_line    0x000054e4      0x72c ./freertos/timers.o
 .debug_line    0x00005c10     0x1326 ./drivers/fsl_clock.o
 .debug_line    0x00006f36      0x453 ./drivers/fsl_common.o
 .debug_line    0x00007389      0xd7a ./drivers/fsl_lpsci.o
 .debug_line    0x00008103      0xd56 ./drivers/fsl_uart.o
 .debug_line    0x00008e59      0x3c7 ./board/board.o
 .debug_line    0x00009220      0x41f ./board/clock_config.o
 .debug_line    0x0000963f       0x5c ./board/peripherals.o
 .debug_line    0x0000969b      0x393 ./board/pin_mux.o
 .debug_line    0x00009a2e      0x333 ./CMSIS/system_MKL25Z4.o

.debug_str      0x00000000    0x3daa7
 .debug_str     0x00000000    0x3156f ./utilities/fsl_debug_console.o
                              0x3181d (size before relaxing)
 .debug_str     0x0003156f      0x3bf ./startup/startup_mkl25z4.o
                               0x322a (size before relaxing)
 .debug_str     0x0003192e      0x216 ./source/DS3231.o
                               0x47b5 (size before relaxing)
 .debug_str     0x00031b44      0xd44 ./source/PES_Final_Project.o
                              0x31306 (size before relaxing)
 .debug_str     0x00032888      0x222 ./source/i2c.o
                              0x28fdb (size before relaxing)
 .debug_str     0x00032aaa      0x532 ./source/mtb.o
                               0x332d (size before relaxing)
 .debug_str     0x00032fdc      0x4c4 ./source/oled_driver.o
                               0x4a6f (size before relaxing)
 .debug_str     0x000334a0     0x441d ./source/project_tasks.o
                              0x2d90e (size before relaxing)
 .debug_str     0x000378bd       0x1f ./source/semihost_hardfault.o
                               0x2e1a (size before relaxing)
 .debug_str     0x000378dc      0x44c ./freertos/fsl_tickless_lptmr.o
                               0x7c60 (size before relaxing)
 .debug_str     0x00037d28      0x29d ./freertos/heap_4.o
                               0x7b25 (size before relaxing)
 .debug_str     0x00037fc5      0x11e ./freertos/list.o
                               0x7418 (size before relaxing)
 .debug_str     0x000380e3      0x19b ./freertos/port.o
                               0x7e21 (size before relaxing)
 .debug_str     0x0003827e      0x861 ./freertos/queue.o
                               0x8b39 (size before relaxing)
 .debug_str     0x00038adf     0x195d ./freertos/tasks.o
                               0x9706 (size before relaxing)
 .debug_str     0x0003a43c      0x4b0 ./freertos/timers.o
                               0x903d (size before relaxing)
 .debug_str     0x0003a8ec     0x179c ./drivers/fsl_clock.o
                              0x322fa (size before relaxing)
 .debug_str     0x0003c088      0x2c3 ./drivers/fsl_common.o
                              0x308c2 (size before relaxing)
 .debug_str     0x0003c34b      0x96c ./drivers/fsl_lpsci.o
                              0x318f0 (size before relaxing)
 .debug_str     0x0003ccb7      0x7e1 ./drivers/fsl_uart.o
                              0x31913 (size before relaxing)
 .debug_str     0x0003d498       0x35 ./board/board.o
                              0x310e4 (size before relaxing)
 .debug_str     0x0003d4cd      0x3b1 ./board/clock_config.o
                              0x312c4 (size before relaxing)
 .debug_str     0x0003d87e       0x17 ./board/peripherals.o
                               0x2e2b (size before relaxing)
 .debug_str     0x0003d895      0x1ce ./board/pin_mux.o
                              0x3095a (size before relaxing)
 .debug_str     0x0003da63       0x44 ./CMSIS/system_MKL25Z4.o
                              0x2fc5c (size before relaxing)

.comment        0x00000000       0x45
 .comment       0x00000000       0x45 ./utilities/fsl_debug_console.o
                                 0x46 (size before relaxing)
 .comment       0x00000045       0x46 ./startup/startup_mkl25z4.o
 .comment       0x00000045       0x46 ./source/DS3231.o
 .comment       0x00000045       0x46 ./source/PES_Final_Project.o
 .comment       0x00000045       0x46 ./source/i2c.o
 .comment       0x00000045       0x46 ./source/mtb.o
 .comment       0x00000045       0x46 ./source/oled_driver.o
 .comment       0x00000045       0x46 ./source/project_tasks.o
 .comment       0x00000045       0x46 ./source/semihost_hardfault.o
 .comment       0x00000045       0x46 ./freertos/fsl_tickless_lptmr.o
 .comment       0x00000045       0x46 ./freertos/heap_4.o
 .comment       0x00000045       0x46 ./freertos/list.o
 .comment       0x00000045       0x46 ./freertos/port.o
 .comment       0x00000045       0x46 ./freertos/queue.o
 .comment       0x00000045       0x46 ./freertos/tasks.o
 .comment       0x00000045       0x46 ./freertos/timers.o
 .comment       0x00000045       0x46 ./drivers/fsl_clock.o
 .comment       0x00000045       0x46 ./drivers/fsl_common.o
 .comment       0x00000045       0x46 ./drivers/fsl_lpsci.o
 .comment       0x00000045       0x46 ./drivers/fsl_uart.o
 .comment       0x00000045       0x46 ./board/board.o
 .comment       0x00000045       0x46 ./board/clock_config.o
 .comment       0x00000045       0x46 ./board/peripherals.o
 .comment       0x00000045       0x46 ./board/pin_mux.o
 .comment       0x00000045       0x46 ./CMSIS/system_MKL25Z4.o
 .comment       0x00000045       0x46 c:/nxp/mcuxpressoide_11.8.0_1165/ide/plugins/com.nxp.mcuxpresso.tools.win32_11.8.0.202306131047/tools/bin/../lib/gcc/arm-none-eabi/12.2.1/../../../../arm-none-eabi/lib/thumb/v6-m/nofp\libcr_nohost_nf.a(_cr__main.o)
 .comment       0x00000045       0x46 c:/nxp/mcuxpressoide_11.8.0_1165/ide/plugins/com.nxp.mcuxpresso.tools.win32_11.8.0.202306131047/tools/bin/../lib/gcc/arm-none-eabi/12.2.1/../../../../arm-none-eabi/lib/thumb/v6-m/nofp\libcr_c.a(memcpy.o)
 .comment       0x00000045       0x46 c:/nxp/mcuxpressoide_11.8.0_1165/ide/plugins/com.nxp.mcuxpresso.tools.win32_11.8.0.202306131047/tools/bin/../lib/gcc/arm-none-eabi/12.2.1/../../../../arm-none-eabi/lib/thumb/v6-m/nofp\libcr_c.a(memset.o)
 .comment       0x00000045       0x46 c:/nxp/mcuxpressoide_11.8.0_1165/ide/plugins/com.nxp.mcuxpresso.tools.win32_11.8.0.202306131047/tools/bin/../lib/gcc/arm-none-eabi/12.2.1/../../../../arm-none-eabi/lib/thumb/v6-m/nofp\libcr_c.a(initio.o)
 .comment       0x00000045       0x46 c:/nxp/mcuxpressoide_11.8.0_1165/ide/plugins/com.nxp.mcuxpresso.tools.win32_11.8.0.202306131047/tools/bin/../lib/gcc/arm-none-eabi/12.2.1/../../../../arm-none-eabi/lib/thumb/v6-m/nofp\libcr_c.a(printf.o)
 .comment       0x00000045       0x46 c:/nxp/mcuxpressoide_11.8.0_1165/ide/plugins/com.nxp.mcuxpresso.tools.win32_11.8.0.202306131047/tools/bin/../lib/gcc/arm-none-eabi/12.2.1/../../../../arm-none-eabi/lib/thumb/v6-m/nofp\libcr_c.a(setvbuf.o)
 .comment       0x00000045       0x46 c:/nxp/mcuxpressoide_11.8.0_1165/ide/plugins/com.nxp.mcuxpresso.tools.win32_11.8.0.202306131047/tools/bin/../lib/gcc/arm-none-eabi/12.2.1/../../../../arm-none-eabi/lib/thumb/v6-m/nofp\libcr_c.a(strcpy.o)
 .comment       0x00000045       0x46 c:/nxp/mcuxpressoide_11.8.0_1165/ide/plugins/com.nxp.mcuxpresso.tools.win32_11.8.0.202306131047/tools/bin/../lib/gcc/arm-none-eabi/12.2.1/../../../../arm-none-eabi/lib/thumb/v6-m/nofp\libcr_c.a(strlen.o)
 .comment       0x00000045       0x46 c:/nxp/mcuxpressoide_11.8.0_1165/ide/plugins/com.nxp.mcuxpresso.tools.win32_11.8.0.202306131047/tools/bin/../lib/gcc/arm-none-eabi/12.2.1/../../../../arm-none-eabi/lib/thumb/v6-m/nofp\libcr_c.a(_deferredlazyseek.o)
 .comment       0x00000045       0x46 c:/nxp/mcuxpressoide_11.8.0_1165/ide/plugins/com.nxp.mcuxpresso.tools.win32_11.8.0.202306131047/tools/bin/../lib/gcc/arm-none-eabi/12.2.1/../../../../arm-none-eabi/lib/thumb/v6-m/nofp\libcr_c.a(_fdopen.o)
 .comment       0x00000045       0x46 c:/nxp/mcuxpressoide_11.8.0_1165/ide/plugins/com.nxp.mcuxpresso.tools.win32_11.8.0.202306131047/tools/bin/../lib/gcc/arm-none-eabi/12.2.1/../../../../arm-none-eabi/lib/thumb/v6-m/nofp\libcr_c.a(_fflush.o)
 .comment       0x00000045       0x46 c:/nxp/mcuxpressoide_11.8.0_1165/ide/plugins/com.nxp.mcuxpresso.tools.win32_11.8.0.202306131047/tools/bin/../lib/gcc/arm-none-eabi/12.2.1/../../../../arm-none-eabi/lib/thumb/v6-m/nofp\libcr_c.a(_writebuf.o)
 .comment       0x00000045       0x46 c:/nxp/mcuxpressoide_11.8.0_1165/ide/plugins/com.nxp.mcuxpresso.tools.win32_11.8.0.202306131047/tools/bin/../lib/gcc/arm-none-eabi/12.2.1/../../../../arm-none-eabi/lib/thumb/v6-m/nofp\libcr_c.a(alloc.o)
 .comment       0x00000045       0x46 c:/nxp/mcuxpressoide_11.8.0_1165/ide/plugins/com.nxp.mcuxpresso.tools.win32_11.8.0.202306131047/tools/bin/../lib/gcc/arm-none-eabi/12.2.1/../../../../arm-none-eabi/lib/thumb/v6-m/nofp\libcr_c.a(fclose.o)
 .comment       0x00000045       0x46 c:/nxp/mcuxpressoide_11.8.0_1165/ide/plugins/com.nxp.mcuxpresso.tools.win32_11.8.0.202306131047/tools/bin/../lib/gcc/arm-none-eabi/12.2.1/../../../../arm-none-eabi/lib/thumb/v6-m/nofp\libcr_c.a(fflush.o)
 .comment       0x00000045       0x46 c:/nxp/mcuxpressoide_11.8.0_1165/ide/plugins/com.nxp.mcuxpresso.tools.win32_11.8.0.202306131047/tools/bin/../lib/gcc/arm-none-eabi/12.2.1/../../../../arm-none-eabi/lib/thumb/v6-m/nofp\libcr_c.a(fseek.o)
 .comment       0x00000045       0x46 c:/nxp/mcuxpressoide_11.8.0_1165/ide/plugins/com.nxp.mcuxpresso.tools.win32_11.8.0.202306131047/tools/bin/../lib/gcc/arm-none-eabi/12.2.1/../../../../arm-none-eabi/lib/thumb/v6-m/nofp\libcr_c.a(ftell.o)
 .comment       0x00000045       0x46 c:/nxp/mcuxpressoide_11.8.0_1165/ide/plugins/com.nxp.mcuxpresso.tools.win32_11.8.0.202306131047/tools/bin/../lib/gcc/arm-none-eabi/12.2.1/../../../../arm-none-eabi/lib/thumb/v6-m/nofp\libcr_c.a(remove.o)
 .comment       0x00000045       0x46 c:/nxp/mcuxpressoide_11.8.0_1165/ide/plugins/com.nxp.mcuxpresso.tools.win32_11.8.0.202306131047/tools/bin/../lib/gcc/arm-none-eabi/12.2.1/../../../../arm-none-eabi/lib/thumb/v6-m/nofp\libcr_c.a(__init_alloc.o)
 .comment       0x00000045       0x46 c:/nxp/mcuxpressoide_11.8.0_1165/ide/plugins/com.nxp.mcuxpresso.tools.win32_11.8.0.202306131047/tools/bin/../lib/gcc/arm-none-eabi/12.2.1/../../../../arm-none-eabi/lib/thumb/v6-m/nofp\libcr_c.a(_cr_sbrk.o)
 .comment       0x00000045       0x46 c:/nxp/mcuxpressoide_11.8.0_1165/ide/plugins/com.nxp.mcuxpresso.tools.win32_11.8.0.202306131047/tools/bin/../lib/gcc/arm-none-eabi/12.2.1/../../../../arm-none-eabi/lib/thumb/v6-m/nofp\libcr_c.a(_do_fflush.o)
 .comment       0x00000045       0x46 c:/nxp/mcuxpressoide_11.8.0_1165/ide/plugins/com.nxp.mcuxpresso.tools.win32_11.8.0.202306131047/tools/bin/../lib/gcc/arm-none-eabi/12.2.1/../../../../arm-none-eabi/lib/thumb/v6-m/nofp\libcr_c.a(errno.o)
 .comment       0x00000045       0x46 c:/nxp/mcuxpressoide_11.8.0_1165/ide/plugins/com.nxp.mcuxpresso.tools.win32_11.8.0.202306131047/tools/bin/../lib/gcc/arm-none-eabi/12.2.1/../../../../arm-none-eabi/lib/thumb/v6-m/nofp\libcr_c.a(_cr_check_heap.o)
 .comment       0x00000045       0x46 c:/nxp/mcuxpressoide_11.8.0_1165/ide/plugins/com.nxp.mcuxpresso.tools.win32_11.8.0.202306131047/tools/bin/../lib/gcc/arm-none-eabi/12.2.1/../../../../arm-none-eabi/lib/thumb/v6-m/nofp\libcr_nohost_nf.a(__ciob.o)
 .comment       0x00000045       0x46 c:/nxp/mcuxpressoide_11.8.0_1165/ide/plugins/com.nxp.mcuxpresso.tools.win32_11.8.0.202306131047/tools/bin/../lib/gcc/arm-none-eabi/12.2.1/../../../../arm-none-eabi/lib/thumb/v6-m/nofp\libcr_nohost_nf.a(__sys_appexit.o)
 .comment       0x00000045       0x46 c:/nxp/mcuxpressoide_11.8.0_1165/ide/plugins/com.nxp.mcuxpresso.tools.win32_11.8.0.202306131047/tools/bin/../lib/gcc/arm-none-eabi/12.2.1/../../../../arm-none-eabi/lib/thumb/v6-m/nofp\libcr_nohost_nf.a(__sys_close.o)
 .comment       0x00000045       0x46 c:/nxp/mcuxpressoide_11.8.0_1165/ide/plugins/com.nxp.mcuxpresso.tools.win32_11.8.0.202306131047/tools/bin/../lib/gcc/arm-none-eabi/12.2.1/../../../../arm-none-eabi/lib/thumb/v6-m/nofp\libcr_nohost_nf.a(__sys_flen.o)
 .comment       0x00000045       0x46 c:/nxp/mcuxpressoide_11.8.0_1165/ide/plugins/com.nxp.mcuxpresso.tools.win32_11.8.0.202306131047/tools/bin/../lib/gcc/arm-none-eabi/12.2.1/../../../../arm-none-eabi/lib/thumb/v6-m/nofp\libcr_nohost_nf.a(__sys_istty.o)
 .comment       0x00000045       0x46 c:/nxp/mcuxpressoide_11.8.0_1165/ide/plugins/com.nxp.mcuxpresso.tools.win32_11.8.0.202306131047/tools/bin/../lib/gcc/arm-none-eabi/12.2.1/../../../../arm-none-eabi/lib/thumb/v6-m/nofp\libcr_nohost_nf.a(__sys_remove.o)
 .comment       0x00000045       0x46 c:/nxp/mcuxpressoide_11.8.0_1165/ide/plugins/com.nxp.mcuxpresso.tools.win32_11.8.0.202306131047/tools/bin/../lib/gcc/arm-none-eabi/12.2.1/../../../../arm-none-eabi/lib/thumb/v6-m/nofp\libcr_nohost_nf.a(__sys_seek.o)
 .comment       0x00000045       0x46 c:/nxp/mcuxpressoide_11.8.0_1165/ide/plugins/com.nxp.mcuxpresso.tools.win32_11.8.0.202306131047/tools/bin/../lib/gcc/arm-none-eabi/12.2.1/../../../../arm-none-eabi/lib/thumb/v6-m/nofp\libcr_nohost_nf.a(__sys_tmpnam.o)
 .comment       0x00000045       0x46 c:/nxp/mcuxpressoide_11.8.0_1165/ide/plugins/com.nxp.mcuxpresso.tools.win32_11.8.0.202306131047/tools/bin/../lib/gcc/arm-none-eabi/12.2.1/../../../../arm-none-eabi/lib/thumb/v6-m/nofp\libcr_nohost_nf.a(__sys_write.o)

.ARM.attributes
                0x00000000       0x2a
 .ARM.attributes
                0x00000000       0x2c ./utilities/fsl_debug_console.o
 .ARM.attributes
                0x0000002c       0x2c ./startup/startup_mkl25z4.o
 .ARM.attributes
                0x00000058       0x2c ./source/DS3231.o
 .ARM.attributes
                0x00000084       0x2c ./source/PES_Final_Project.o
 .ARM.attributes
                0x000000b0       0x2c ./source/i2c.o
 .ARM.attributes
                0x000000dc       0x2c ./source/mtb.o
 .ARM.attributes
                0x00000108       0x2c ./source/oled_driver.o
 .ARM.attributes
                0x00000134       0x2c ./source/project_tasks.o
 .ARM.attributes
                0x00000160       0x2c ./source/semihost_hardfault.o
 .ARM.attributes
                0x0000018c       0x2c ./freertos/fsl_tickless_lptmr.o
 .ARM.attributes
                0x000001b8       0x2c ./freertos/heap_4.o
 .ARM.attributes
                0x000001e4       0x2c ./freertos/list.o
 .ARM.attributes
                0x00000210       0x2c ./freertos/port.o
 .ARM.attributes
                0x0000023c       0x2c ./freertos/queue.o
 .ARM.attributes
                0x00000268       0x2c ./freertos/tasks.o
 .ARM.attributes
                0x00000294       0x2c ./freertos/timers.o
 .ARM.attributes
                0x000002c0       0x2c ./drivers/fsl_clock.o
 .ARM.attributes
                0x000002ec       0x2c ./drivers/fsl_common.o
 .ARM.attributes
                0x00000318       0x2c ./drivers/fsl_lpsci.o
 .ARM.attributes
                0x00000344       0x2c ./drivers/fsl_uart.o
 .ARM.attributes
                0x00000370       0x2c ./board/board.o
 .ARM.attributes
                0x0000039c       0x2c ./board/clock_config.o
 .ARM.attributes
                0x000003c8       0x2c ./board/peripherals.o
 .ARM.attributes
                0x000003f4       0x2c ./board/pin_mux.o
 .ARM.attributes
                0x00000420       0x2c ./CMSIS/system_MKL25Z4.o
 .ARM.attributes
                0x0000044c       0x2c c:/nxp/mcuxpressoide_11.8.0_1165/ide/plugins/com.nxp.mcuxpresso.tools.win32_11.8.0.202306131047/tools/bin/../lib/gcc/arm-none-eabi/12.2.1/../../../../arm-none-eabi/lib/thumb/v6-m/nofp\libcr_nohost_nf.a(_cr__main.o)
 .ARM.attributes
                0x00000478       0x2c c:/nxp/mcuxpressoide_11.8.0_1165/ide/plugins/com.nxp.mcuxpresso.tools.win32_11.8.0.202306131047/tools/bin/../lib/gcc/arm-none-eabi/12.2.1/../../../../arm-none-eabi/lib/thumb/v6-m/nofp\libcr_c.a(memcpy.o)
 .ARM.attributes
                0x000004a4       0x2c c:/nxp/mcuxpressoide_11.8.0_1165/ide/plugins/com.nxp.mcuxpresso.tools.win32_11.8.0.202306131047/tools/bin/../lib/gcc/arm-none-eabi/12.2.1/../../../../arm-none-eabi/lib/thumb/v6-m/nofp\libcr_c.a(memset.o)
 .ARM.attributes
                0x000004d0       0x2c c:/nxp/mcuxpressoide_11.8.0_1165/ide/plugins/com.nxp.mcuxpresso.tools.win32_11.8.0.202306131047/tools/bin/../lib/gcc/arm-none-eabi/12.2.1/../../../../arm-none-eabi/lib/thumb/v6-m/nofp\libcr_c.a(initio.o)
 .ARM.attributes
                0x000004fc       0x2c c:/nxp/mcuxpressoide_11.8.0_1165/ide/plugins/com.nxp.mcuxpresso.tools.win32_11.8.0.202306131047/tools/bin/../lib/gcc/arm-none-eabi/12.2.1/../../../../arm-none-eabi/lib/thumb/v6-m/nofp\libcr_c.a(printf.o)
 .ARM.attributes
                0x00000528       0x2c c:/nxp/mcuxpressoide_11.8.0_1165/ide/plugins/com.nxp.mcuxpresso.tools.win32_11.8.0.202306131047/tools/bin/../lib/gcc/arm-none-eabi/12.2.1/../../../../arm-none-eabi/lib/thumb/v6-m/nofp\libcr_c.a(setvbuf.o)
 .ARM.attributes
                0x00000554       0x2c c:/nxp/mcuxpressoide_11.8.0_1165/ide/plugins/com.nxp.mcuxpresso.tools.win32_11.8.0.202306131047/tools/bin/../lib/gcc/arm-none-eabi/12.2.1/../../../../arm-none-eabi/lib/thumb/v6-m/nofp\libcr_c.a(strcpy.o)
 .ARM.attributes
                0x00000580       0x2c c:/nxp/mcuxpressoide_11.8.0_1165/ide/plugins/com.nxp.mcuxpresso.tools.win32_11.8.0.202306131047/tools/bin/../lib/gcc/arm-none-eabi/12.2.1/../../../../arm-none-eabi/lib/thumb/v6-m/nofp\libcr_c.a(strlen.o)
 .ARM.attributes
                0x000005ac       0x2c c:/nxp/mcuxpressoide_11.8.0_1165/ide/plugins/com.nxp.mcuxpresso.tools.win32_11.8.0.202306131047/tools/bin/../lib/gcc/arm-none-eabi/12.2.1/../../../../arm-none-eabi/lib/thumb/v6-m/nofp\libcr_c.a(_deferredlazyseek.o)
 .ARM.attributes
                0x000005d8       0x2c c:/nxp/mcuxpressoide_11.8.0_1165/ide/plugins/com.nxp.mcuxpresso.tools.win32_11.8.0.202306131047/tools/bin/../lib/gcc/arm-none-eabi/12.2.1/../../../../arm-none-eabi/lib/thumb/v6-m/nofp\libcr_c.a(_fdopen.o)
 .ARM.attributes
                0x00000604       0x2c c:/nxp/mcuxpressoide_11.8.0_1165/ide/plugins/com.nxp.mcuxpresso.tools.win32_11.8.0.202306131047/tools/bin/../lib/gcc/arm-none-eabi/12.2.1/../../../../arm-none-eabi/lib/thumb/v6-m/nofp\libcr_c.a(_fflush.o)
 .ARM.attributes
                0x00000630       0x2c c:/nxp/mcuxpressoide_11.8.0_1165/ide/plugins/com.nxp.mcuxpresso.tools.win32_11.8.0.202306131047/tools/bin/../lib/gcc/arm-none-eabi/12.2.1/../../../../arm-none-eabi/lib/thumb/v6-m/nofp\libcr_c.a(_writebuf.o)
 .ARM.attributes
                0x0000065c       0x2c c:/nxp/mcuxpressoide_11.8.0_1165/ide/plugins/com.nxp.mcuxpresso.tools.win32_11.8.0.202306131047/tools/bin/../lib/gcc/arm-none-eabi/12.2.1/../../../../arm-none-eabi/lib/thumb/v6-m/nofp\libcr_c.a(alloc.o)
 .ARM.attributes
                0x00000688       0x2c c:/nxp/mcuxpressoide_11.8.0_1165/ide/plugins/com.nxp.mcuxpresso.tools.win32_11.8.0.202306131047/tools/bin/../lib/gcc/arm-none-eabi/12.2.1/../../../../arm-none-eabi/lib/thumb/v6-m/nofp\libcr_c.a(fclose.o)
 .ARM.attributes
                0x000006b4       0x2c c:/nxp/mcuxpressoide_11.8.0_1165/ide/plugins/com.nxp.mcuxpresso.tools.win32_11.8.0.202306131047/tools/bin/../lib/gcc/arm-none-eabi/12.2.1/../../../../arm-none-eabi/lib/thumb/v6-m/nofp\libcr_c.a(fflush.o)
 .ARM.attributes
                0x000006e0       0x2c c:/nxp/mcuxpressoide_11.8.0_1165/ide/plugins/com.nxp.mcuxpresso.tools.win32_11.8.0.202306131047/tools/bin/../lib/gcc/arm-none-eabi/12.2.1/../../../../arm-none-eabi/lib/thumb/v6-m/nofp\libcr_c.a(fseek.o)
 .ARM.attributes
                0x0000070c       0x2c c:/nxp/mcuxpressoide_11.8.0_1165/ide/plugins/com.nxp.mcuxpresso.tools.win32_11.8.0.202306131047/tools/bin/../lib/gcc/arm-none-eabi/12.2.1/../../../../arm-none-eabi/lib/thumb/v6-m/nofp\libcr_c.a(ftell.o)
 .ARM.attributes
                0x00000738       0x2c c:/nxp/mcuxpressoide_11.8.0_1165/ide/plugins/com.nxp.mcuxpresso.tools.win32_11.8.0.202306131047/tools/bin/../lib/gcc/arm-none-eabi/12.2.1/../../../../arm-none-eabi/lib/thumb/v6-m/nofp\libcr_c.a(remove.o)
 .ARM.attributes
                0x00000764       0x2c c:/nxp/mcuxpressoide_11.8.0_1165/ide/plugins/com.nxp.mcuxpresso.tools.win32_11.8.0.202306131047/tools/bin/../lib/gcc/arm-none-eabi/12.2.1/../../../../arm-none-eabi/lib/thumb/v6-m/nofp\libcr_c.a(__init_alloc.o)
 .ARM.attributes
                0x00000790       0x2c c:/nxp/mcuxpressoide_11.8.0_1165/ide/plugins/com.nxp.mcuxpresso.tools.win32_11.8.0.202306131047/tools/bin/../lib/gcc/arm-none-eabi/12.2.1/../../../../arm-none-eabi/lib/thumb/v6-m/nofp\libcr_c.a(_cr_sbrk.o)
 .ARM.attributes
                0x000007bc       0x2c c:/nxp/mcuxpressoide_11.8.0_1165/ide/plugins/com.nxp.mcuxpresso.tools.win32_11.8.0.202306131047/tools/bin/../lib/gcc/arm-none-eabi/12.2.1/../../../../arm-none-eabi/lib/thumb/v6-m/nofp\libcr_c.a(_do_fflush.o)
 .ARM.attributes
                0x000007e8       0x2c c:/nxp/mcuxpressoide_11.8.0_1165/ide/plugins/com.nxp.mcuxpresso.tools.win32_11.8.0.202306131047/tools/bin/../lib/gcc/arm-none-eabi/12.2.1/../../../../arm-none-eabi/lib/thumb/v6-m/nofp\libcr_c.a(errno.o)
 .ARM.attributes
                0x00000814       0x2c c:/nxp/mcuxpressoide_11.8.0_1165/ide/plugins/com.nxp.mcuxpresso.tools.win32_11.8.0.202306131047/tools/bin/../lib/gcc/arm-none-eabi/12.2.1/../../../../arm-none-eabi/lib/thumb/v6-m/nofp\libcr_c.a(_cr_check_heap.o)
 .ARM.attributes
                0x00000840       0x1c c:/nxp/mcuxpressoide_11.8.0_1165/ide/plugins/com.nxp.mcuxpresso.tools.win32_11.8.0.202306131047/tools/bin/../lib/gcc/arm-none-eabi/12.2.1/thumb/v6-m/nofp\libcr_eabihelpers.a(division_32.o)
 .ARM.attributes
                0x0000085c       0x1c c:/nxp/mcuxpressoide_11.8.0_1165/ide/plugins/com.nxp.mcuxpresso.tools.win32_11.8.0.202306131047/tools/bin/../lib/gcc/arm-none-eabi/12.2.1/thumb/v6-m/nofp\libcr_eabihelpers.a(division_idiv0.o)
 .ARM.attributes
                0x00000878       0x1c c:/nxp/mcuxpressoide_11.8.0_1165/ide/plugins/com.nxp.mcuxpresso.tools.win32_11.8.0.202306131047/tools/bin/../lib/gcc/arm-none-eabi/12.2.1/thumb/v6-m/nofp\libcr_eabihelpers.a(llong.o)
 .ARM.attributes
                0x00000894       0x1c c:/nxp/mcuxpressoide_11.8.0_1165/ide/plugins/com.nxp.mcuxpresso.tools.win32_11.8.0.202306131047/tools/bin/../lib/gcc/arm-none-eabi/12.2.1/thumb/v6-m/nofp\libcr_eabihelpers.a(memcpy.o)
 .ARM.attributes
                0x000008b0       0x1c c:/nxp/mcuxpressoide_11.8.0_1165/ide/plugins/com.nxp.mcuxpresso.tools.win32_11.8.0.202306131047/tools/bin/../lib/gcc/arm-none-eabi/12.2.1/thumb/v6-m/nofp\libcr_eabihelpers.a(thumb1_switch_helpers.o)
 .ARM.attributes
                0x000008cc       0x2c c:/nxp/mcuxpressoide_11.8.0_1165/ide/plugins/com.nxp.mcuxpresso.tools.win32_11.8.0.202306131047/tools/bin/../lib/gcc/arm-none-eabi/12.2.1/../../../../arm-none-eabi/lib/thumb/v6-m/nofp\libcr_nohost_nf.a(__ciob.o)
 .ARM.attributes
                0x000008f8       0x2c c:/nxp/mcuxpressoide_11.8.0_1165/ide/plugins/com.nxp.mcuxpresso.tools.win32_11.8.0.202306131047/tools/bin/../lib/gcc/arm-none-eabi/12.2.1/../../../../arm-none-eabi/lib/thumb/v6-m/nofp\libcr_nohost_nf.a(__sys_appexit.o)
 .ARM.attributes
                0x00000924       0x2c c:/nxp/mcuxpressoide_11.8.0_1165/ide/plugins/com.nxp.mcuxpresso.tools.win32_11.8.0.202306131047/tools/bin/../lib/gcc/arm-none-eabi/12.2.1/../../../../arm-none-eabi/lib/thumb/v6-m/nofp\libcr_nohost_nf.a(__sys_close.o)
 .ARM.attributes