../source/ssd1306.c:30:6:ssd1306_init	8	static
../source/ssd1306.c:66:6:ssd1306_command	16	static
../source/ssd1306.c:73:6:ssd1306_clearDisplay	16	static
../source/ssd1306.c:92:6:ssd1306_setPosition	16	static
../source/ssd1306.c:110:6:ssd1306_printText	32	static
../source/ssd1306.c:135:6:ssd1306_printTextBlock	40	static
../source/ssd1306.c:167:6:ssd1306_printUI32	40	static
../source/ssd1306.c:178:9:digits	16	static
../source/ssd1306.c:202:6:ultoa	32	static
../source/ssd1306.c:219:6:reverse	32	static
